******************************************************************************
                  MSP430 Linker Unix v21.6.1                   
******************************************************************************
>> Linked Tue Oct 22 14:26:09 2024

OUTPUT FILE NAME:   <pzsensor001.out>
ENTRY POINT SYMBOL: "_c_int00_noinit_noargs"  address: 0000d102


MEMORY CONFIGURATION

         name            origin    length      used     unused   attr    fill
----------------------  --------  ---------  --------  --------  ----  --------
  SFR                   00000000   00000010  00000000  00000010  RWIX
  PERIPHERALS_8BIT      00000010   000000f0  00000000  000000f0  RWIX
  PERIPHERALS_16BIT     00000100   00000100  00000000  00000100  RWIX
  RAM                   00000200   00000200  00000050  000001b0  RWIX
  INFOD                 00001000   00000040  00000000  00000040  RWIX
  INFOC                 00001040   00000040  00000000  00000040  RWIX
  INFOB                 00001080   00000040  00000000  00000040  RWIX
  INFOA                 000010c0   00000040  00000000  00000040  RWIX
  FLASH                 0000c000   00003fde  000012d6  00002d08  RWIX
  BSLSIGNATURE          0000ffde   00000002  00000002  00000000  RWIX  ffff 
  INT00                 0000ffe0   00000002  00000002  00000000  RWIX
  INT01                 0000ffe2   00000002  00000000  00000002  RWIX
  INT02                 0000ffe4   00000002  00000002  00000000  RWIX
  INT03                 0000ffe6   00000002  00000002  00000000  RWIX
  INT04                 0000ffe8   00000002  00000000  00000002  RWIX
  INT05                 0000ffea   00000002  00000002  00000000  RWIX
  INT06                 0000ffec   00000002  00000002  00000000  RWIX
  INT07                 0000ffee   00000002  00000002  00000000  RWIX
  INT08                 0000fff0   00000002  00000002  00000000  RWIX
  INT09                 0000fff2   00000002  00000002  00000000  RWIX
  INT10                 0000fff4   00000002  00000002  00000000  RWIX
  INT11                 0000fff6   00000002  00000002  00000000  RWIX
  INT12                 0000fff8   00000002  00000002  00000000  RWIX
  INT13                 0000fffa   00000002  00000002  00000000  RWIX
  INT14                 0000fffc   00000002  00000002  00000000  RWIX
  RESET                 0000fffe   00000002  00000002  00000000  RWIX


SECTION ALLOCATION MAP

 output                                  attributes/
section   page    origin      length       input sections
--------  ----  ----------  ----------   ----------------
.stack     0    000003b0    00000050     UNINITIALIZED
                  000003b0    00000002     rts430_eabi.lib : boot.c.obj (.stack)
                  000003b2    0000004e     --HOLE--

.text      0    0000c000    000011de     
                  0000c000    000002c0     rts430_eabi.lib : mpyd.c.obj (.text:__mspabi_mpyd)
                  0000c2c0    00000172                     : frcmpyd.c.obj (.text:__TI_frcmpyd)
                  0000c432    00000114                     : mult64.asm.obj (.text:__mpyll)
                  0000c546    000000ee     main.obj (.text:main)
                  0000c634    000000c4     mod_sr04.obj (.text:sr04GetUs)
                  0000c6f8    000000a6     mod_lora.obj (.text:sx1278Init)
                  0000c79e    000000a4     mod_radio.obj (.text:radioInit)
                  0000c842    000000a0     mod_lora.obj (.text:sx1278IsDataAvailable)
                  0000c8e2    0000008a     mod_radio.obj (.text:radioGet)
                  0000c96c    00000074     rts430_eabi.lib : fixdul.c.obj (.text:__mspabi_fixdul)
                  0000c9e0    00000070                     : cvtfd.c.obj (.text:__mspabi_cvtfd)
                  0000ca50    00000070     mod_nostdio.obj (.text:printInt16)
                  0000cac0    00000070     mod_sr04.obj (.text:sr04GetCm)
                  0000cb30    00000052     mod_radio.obj (.text:radioPut)
                  0000cb82    0000004c     rts430_eabi.lib : lsr16.asm.obj (.text)
                  0000cbce    0000004c     mod_sr04.obj (.text:sr04Print)
                  0000cc1a    00000046     rts430_eabi.lib : lsr64.c.obj (.text:__mspabi_srlll)
                  0000cc60    00000044                     : lsl64.c.obj (.text:__mspabi_sllll)
                  0000cca4    00000044     mod_uart.obj (.text:uartPuts)
                  0000cce8    0000003e     rts430_eabi.lib : asr32.asm.obj (.text:l_asr_const)
                  0000cd26    0000003e                     : lsl32.asm.obj (.text:l_lsl_const)
                  0000cd64    0000003e     mod_spi.obj (.text:spiUCB0Init)
                  0000cda2    0000003a     mod_lora.obj (.text:sx1278PutBuffer)
                  0000cddc    00000034     mod_core.obj (.text:setDCOFreq)
                  0000ce10    00000032     mod_lora.obj (.text:sx1278GetPacket)
                  0000ce42    00000030     mod_lora.obj (.text:sx1278BeginPacket)
                  0000ce72    0000002c     rts430_eabi.lib : asr16.asm.obj (.text)
                  0000ce9e    0000002c                     : lsl16.asm.obj (.text)
                  0000ceca    0000002c     mod_uart.obj (.text:uartSetup)
                  0000cef6    0000002a     mod_lora.obj (.text:sx1278setFrequency)
                  0000cf20    00000028     mod_sr04.obj (.text:sr04Init)
                  0000cf48    00000026     rts430_eabi.lib : mult32.asm.obj (.text)
                  0000cf6e    00000026     mod_lora.obj (.text:sx1278SetTxPower)
                  0000cf94    00000024     rts430_eabi.lib : fs_utof.asm.obj (.text)
                  0000cfb8    00000024     mod_lora.obj (.text:sx1278EndPacket)
                  0000cfdc    00000024     mod_lora.obj (.text:sx1278RegWrite)
                  0000d000    00000022     rts430_eabi.lib : mult1632.asm.obj (.text:__mpyul)
                  0000d022    0000001e                     : mult3264.asm.obj (.text:__mpyull)
                  0000d040    0000001e     mod_lora.obj (.text:sx1278RegRead)
                  0000d05e    0000001e     mod_lora.obj (.text:sx1278SendExplicitPacket)
                  0000d07c    00000018     mod_core.obj (.text:delay_ms)
                  0000d094    00000016     mod_core.obj (.text:loadBasicSetUp)
                  0000d0aa    00000016     rts430_eabi.lib : div16u.asm.obj (.text)
                  0000d0c0    00000016     mod_spi.obj (.text:spiUCB0Transfer)
                  0000d0d6    00000016     mod_lora.obj (.text:sx1278ExplicitHeaderMode)
                  0000d0ec    00000016     mod_lora.obj (.text:sx1278ImplicitHeaderMode)
                  0000d102    00000014     rts430_eabi.lib : boot.c.obj (.text:_c_int00_noinit_noargs)
                  0000d116    00000014                     : mult16.asm.obj (.text)
                  0000d12a    00000012                     : fixdu.c.obj (.text:__mspabi_fixdu)
                  0000d13c    00000012                     : lsr32.asm.obj (.text:l_lsr)
                  0000d14e    00000012                     : memcpy.c.obj (.text:memcpy)
                  0000d160    00000010                     : epilog.asm.obj (.text)
                  0000d170    0000000e     main.obj (.text:NMI_ISR_HOOK)
                  0000d17e    0000000c     mod_lora.obj (.text:sx1278Idle)
                  0000d18a    0000000c     mod_lora.obj (.text:sx1278SetSyncWord)
                  0000d196    0000000c     mod_lora.obj (.text:sx1278Sleep)
                  0000d1a2    0000000c     mod_uart.obj (.text:uartPutc)
                  0000d1ae    00000008     rts430_eabi.lib : isr_trap.asm.obj (.text:_isr:__TI_ISR_TRAP)
                  0000d1b6    00000008     mod_core.obj (.text:stopWatchDogTimer)
                  0000d1be    00000006     rts430_eabi.lib : exit.c.obj (.text:abort)
                  0000d1c4    00000006     mod_lora.obj (.text:sx1278SpiTrans)
                  0000d1ca    00000004     rts430_eabi.lib : pre_init.c.obj (.text:_system_pre_init)
                  0000d1ce    00000002     main.obj (.text:ADC10_ISR_HOOK)
                  0000d1d0    00000002     main.obj (.text:PORT1_ISR_HOOK)
                  0000d1d2    00000002     main.obj (.text:PORT2_ISR_HOOK)
                  0000d1d4    00000002     main.obj (.text:TIMERA0_ISR_HOOK)
                  0000d1d6    00000002     main.obj (.text:TIMERA1_ISR_HOOK)
                  0000d1d8    00000002     main.obj (.text:USCI0RX_ISR_HOOK)
                  0000d1da    00000002     main.obj (.text:USCI0TX_ISR_HOOK)
                  0000d1dc    00000002     main.obj (.text:WDT_ISR_HOOK)

.cinit     0    0000c000    00000000     

.const     0    0000d1de    000000f8     
                  0000d1de    0000006e     mod_radio.obj (.const:.string)
                  0000d24c    0000002c     mod_nostdio.obj (.const:FactorMult)
                  0000d278    0000002a     main.obj (.const:.string)
                  0000d2a2    0000001c     mod_sr04.obj (.const:.string)
                  0000d2be    0000000a     mod_radio.obj (.const:.string:$P$T0$1)
                  0000d2c8    0000000a     mod_sr04.obj (.const:.string:$P$T0$1)
                  0000d2d2    00000004     main.obj (.const:$P$T0$1)

.binit     0    0000c000    00000000     

.init_array 
*          0    0000c000    00000000     UNINITIALIZED

TRAPINT    0    0000ffe0    00000002     
                  0000ffe0    00000002     rts430_eabi.lib : int00.asm.obj (.int00)

PORT1      0    0000ffe4    00000002     
                  0000ffe4    00000002     main.obj (.int02)

PORT2      0    0000ffe6    00000002     
                  0000ffe6    00000002     main.obj (.int03)

ADC10      0    0000ffea    00000002     
                  0000ffea    00000002     main.obj (.int05)

USCIAB0TX 
*          0    0000ffec    00000002     
                  0000ffec    00000002     main.obj (.int06)

USCIAB0RX 
*          0    0000ffee    00000002     
                  0000ffee    00000002     main.obj (.int07)

TIMER0_A1 
*          0    0000fff0    00000002     
                  0000fff0    00000002     rts430_eabi.lib : int08.asm.obj (.int08)

TIMER0_A0 
*          0    0000fff2    00000002     
                  0000fff2    00000002     main.obj (.int09)

WDT        0    0000fff4    00000002     
                  0000fff4    00000002     main.obj (.int10)

COMPARATORA 
*          0    0000fff6    00000002     
                  0000fff6    00000002     rts430_eabi.lib : int11.asm.obj (.int11)

TIMER1_A1 
*          0    0000fff8    00000002     
                  0000fff8    00000002     rts430_eabi.lib : int12.asm.obj (.int12)

TIMER1_A0 
*          0    0000fffa    00000002     
                  0000fffa    00000002     main.obj (.int13)

NMI        0    0000fffc    00000002     
                  0000fffc    00000002     main.obj (.int14)

.reset     0    0000fffe    00000002     
                  0000fffe    00000002     rts430_eabi.lib : boot.c.obj (.reset)

$fill000   0    0000ffde    00000002     
                  0000ffde    00000002     --HOLE-- [fill = ffff]

MODULE SUMMARY

       Module             code   ro data   rw data
       ------             ----   -------   -------
    ./
       mod_radio.obj      384    120       0      
       mod_sr04.obj       424    38        0      
       main.obj           268    64        0      
    +--+------------------+------+---------+---------+
       Total:             1076   222       0      
                                                  
    ./mod_library/
       mod_lora.obj       780    0         0      
       mod_nostdio.obj    112    44        0      
       mod_uart.obj       124    0         0      
       mod_core.obj       106    0         0      
       mod_spi.obj        84     0         0      
    +--+------------------+------+---------+---------+
       Total:             1206   44        0      
                                                  
    /opt/ti/ccs1271/ccs/tools/compiler/ti-cgt-msp430_21.6.1.LTS/lib/rts430_eabi.lib
       mpyd.c.obj         704    0         0      
       frcmpyd.c.obj      370    0         0      
       mult64.asm.obj     276    0         0      
       fixdul.c.obj       116    0         0      
       cvtfd.c.obj        112    0         0      
       lsr16.asm.obj      76     0         0      
       lsr64.c.obj        70     0         0      
       lsl64.c.obj        68     0         0      
       asr32.asm.obj      62     0         0      
       lsl32.asm.obj      62     0         0      
       asr16.asm.obj      44     0         0      
       lsl16.asm.obj      44     0         0      
       mult32.asm.obj     38     0         0      
       fs_utof.asm.obj    36     0         0      
       mult1632.asm.obj   34     0         0      
       mult3264.asm.obj   30     0         0      
       boot.c.obj         20     2         0      
       div16u.asm.obj     22     0         0      
       mult16.asm.obj     20     0         0      
       fixdu.c.obj        18     0         0      
       lsr32.asm.obj      18     0         0      
       memcpy.c.obj       18     0         0      
       epilog.asm.obj     16     0         0      
       isr_trap.asm.obj   8      0         0      
       exit.c.obj         6      0         0      
       pre_init.c.obj     4      0         0      
       int00.asm.obj      0      2         0      
       int08.asm.obj      0      2         0      
       int11.asm.obj      0      2         0      
       int12.asm.obj      0      2         0      
    +--+------------------+------+---------+---------+
       Total:             2292   10        0      
                                                  
       Stack:             0      0         80     
    +--+------------------+------+---------+---------+
       Grand Total:       4574   276       80     


GLOBAL SYMBOLS: SORTED ALPHABETICALLY BY Name 

address   name                    
-------   ----                    
0000004a  ADC10AE0                
000001b0  ADC10CTL0               
000001b2  ADC10CTL1               
00000048  ADC10DTC0               
00000049  ADC10DTC1               
000001b4  ADC10MEM                
000001bc  ADC10SA                 
0000d1ce  ADC10_ISR_HOOK          
00000057  BCSCTL1                 
00000058  BCSCTL2                 
00000053  BCSCTL3                 
0000d1be  C$$EXIT                 
00000059  CACTL1                  
0000005a  CACTL2                  
000010fb  CALBC1_12MHZ            
000010f9  CALBC1_16MHZ            
000010ff  CALBC1_1MHZ             
000010fd  CALBC1_8MHZ             
000010fa  CALDCO_12MHZ            
000010f8  CALDCO_16MHZ            
000010fe  CALDCO_1MHZ             
000010fc  CALDCO_8MHZ             
0000005b  CAPD                    
00000056  DCOCTL                  
00000128  FCTL1                   
0000012a  FCTL2                   
0000012c  FCTL3                   
0000d24c  FactorMult              
00000000  IE1                     
00000001  IE2                     
00000002  IFG1                    
00000003  IFG2                    
0000d170  NMI_ISR_HOOK            
00000022  P1DIR                   
00000025  P1IE                    
00000024  P1IES                   
00000023  P1IFG                   
00000020  P1IN                    
00000021  P1OUT                   
00000027  P1REN                   
00000026  P1SEL                   
00000041  P1SEL2                  
0000002a  P2DIR                   
0000002d  P2IE                    
0000002c  P2IES                   
0000002b  P2IFG                   
00000028  P2IN                    
00000029  P2OUT                   
0000002f  P2REN                   
0000002e  P2SEL                   
00000042  P2SEL2                  
0000001a  P3DIR                   
00000018  P3IN                    
00000019  P3OUT                   
00000010  P3REN                   
0000001b  P3SEL                   
00000043  P3SEL2                  
0000d1d0  PORT1_ISR_HOOK          
0000d1d2  PORT2_ISR_HOOK          
00000172  TA0CCR0                 
00000174  TA0CCR1                 
00000176  TA0CCR2                 
00000162  TA0CCTL0                
00000164  TA0CCTL1                
00000166  TA0CCTL2                
00000160  TA0CTL                  
0000012e  TA0IV                   
00000170  TA0R                    
00000192  TA1CCR0                 
00000194  TA1CCR1                 
00000196  TA1CCR2                 
00000182  TA1CCTL0                
00000184  TA1CCTL1                
00000186  TA1CCTL2                
00000180  TA1CTL                  
0000011e  TA1IV                   
00000190  TA1R                    
0000d1d4  TIMERA0_ISR_HOOK        
0000d1d6  TIMERA1_ISR_HOOK        
000010db  TLV_ADC10_1_LEN         
000010da  TLV_ADC10_1_TAG         
000010c0  TLV_CHECKSUM            
000010f7  TLV_DCO_30_LEN          
000010f6  TLV_DCO_30_TAG          
0000005d  UCA0ABCTL               
00000062  UCA0BR0                 
00000063  UCA0BR1                 
00000060  UCA0CTL0                
00000061  UCA0CTL1                
0000005f  UCA0IRRCTL              
0000005e  UCA0IRTCTL              
00000064  UCA0MCTL                
00000066  UCA0RXBUF               
00000065  UCA0STAT                
00000067  UCA0TXBUF               
0000006a  UCB0BR0                 
0000006b  UCB0BR1                 
00000068  UCB0CTL0                
00000069  UCB0CTL1                
0000006c  UCB0I2CIE               
00000118  UCB0I2COA               
0000011a  UCB0I2CSA               
0000006e  UCB0RXBUF               
0000006d  UCB0STAT                
0000006f  UCB0TXBUF               
0000d1d8  USCI0RX_ISR_HOOK        
0000d1da  USCI0TX_ISR_HOOK        
00000120  WDTCTL                  
0000d1dc  WDT_ISR_HOOK            
00000400  __STACK_END             
00000050  __STACK_SIZE            
0000c000  __TI_CINIT_Base         
0000c000  __TI_CINIT_Limit        
0000c000  __TI_CINIT_Warm         
0000d1ae  __TI_ISR_TRAP           
0000c2c0  __TI_frcmpyd            
0000ffe0  __TI_int00              
0000ffe4  __TI_int02              
0000ffe6  __TI_int03              
0000ffea  __TI_int05              
0000ffec  __TI_int06              
0000ffee  __TI_int07              
0000fff0  __TI_int08              
0000fff2  __TI_int09              
0000fff4  __TI_int10              
0000fff6  __TI_int11              
0000fff8  __TI_int12              
0000fffa  __TI_int13              
0000fffc  __TI_int14              
ffffffff  __TI_pprof_out_hndl     
ffffffff  __TI_prof_data_size     
ffffffff  __TI_prof_data_start    
ffffffff  __c_args__              
0000c9e0  __mspabi_cvtfd          
0000d0aa  __mspabi_divu           
0000d12a  __mspabi_fixdu          
0000c96c  __mspabi_fixdul         
0000cf94  __mspabi_fltuf          
0000d16c  __mspabi_func_epilog_1  
0000d16a  __mspabi_func_epilog_2  
0000d168  __mspabi_func_epilog_3  
0000d166  __mspabi_func_epilog_4  
0000d164  __mspabi_func_epilog_5  
0000d162  __mspabi_func_epilog_6  
0000d160  __mspabi_func_epilog_7  
0000c000  __mspabi_mpyd           
0000d116  __mspabi_mpyi           
0000d116  __mspabi_mpyi_sw        
0000cf48  __mspabi_mpyl           
0000cf48  __mspabi_mpyl_sw        
0000c432  __mspabi_mpyll          
0000c432  __mspabi_mpyll_sw       
0000d000  __mspabi_mpyul          
0000d000  __mspabi_mpyul_sw       
0000d022  __mspabi_mpyull         
0000d022  __mspabi_mpyull_sw      
0000d0aa  __mspabi_remu           
0000ce9e  __mspabi_slli           
0000cec6  __mspabi_slli_1         
0000ceb4  __mspabi_slli_10        
0000ceb2  __mspabi_slli_11        
0000ceb0  __mspabi_slli_12        
0000ceae  __mspabi_slli_13        
0000ceac  __mspabi_slli_14        
0000ceaa  __mspabi_slli_15        
0000cec4  __mspabi_slli_2         
0000cec2  __mspabi_slli_3         
0000cec0  __mspabi_slli_4         
0000cebe  __mspabi_slli_5         
0000cebc  __mspabi_slli_6         
0000ceba  __mspabi_slli_7         
0000ceb8  __mspabi_slli_8         
0000ceb6  __mspabi_slli_9         
0000cd5e  __mspabi_slll_1         
0000cd3a  __mspabi_slll_10        
0000cd36  __mspabi_slll_11        
0000cd32  __mspabi_slll_12        
0000cd2e  __mspabi_slll_13        
0000cd2a  __mspabi_slll_14        
0000cd26  __mspabi_slll_15        
0000cd5a  __mspabi_slll_2         
0000cd56  __mspabi_slll_3         
0000cd52  __mspabi_slll_4         
0000cd4e  __mspabi_slll_5         
0000cd4a  __mspabi_slll_6         
0000cd46  __mspabi_slll_7         
0000cd42  __mspabi_slll_8         
0000cd3e  __mspabi_slll_9         
0000cc60  __mspabi_sllll          
0000ce72  __mspabi_srai           
0000ce9a  __mspabi_srai_1         
0000ce88  __mspabi_srai_10        
0000ce86  __mspabi_srai_11        
0000ce84  __mspabi_srai_12        
0000ce82  __mspabi_srai_13        
0000ce80  __mspabi_srai_14        
0000ce7e  __mspabi_srai_15        
0000ce98  __mspabi_srai_2         
0000ce96  __mspabi_srai_3         
0000ce94  __mspabi_srai_4         
0000ce92  __mspabi_srai_5         
0000ce90  __mspabi_srai_6         
0000ce8e  __mspabi_srai_7         
0000ce8c  __mspabi_srai_8         
0000ce8a  __mspabi_srai_9         
0000cd20  __mspabi_sral_1         
0000ccfc  __mspabi_sral_10        
0000ccf8  __mspabi_sral_11        
0000ccf4  __mspabi_sral_12        
0000ccf0  __mspabi_sral_13        
0000ccec  __mspabi_sral_14        
0000cce8  __mspabi_sral_15        
0000cd1c  __mspabi_sral_2         
0000cd18  __mspabi_sral_3         
0000cd14  __mspabi_sral_4         
0000cd10  __mspabi_sral_5         
0000cd0c  __mspabi_sral_6         
0000cd08  __mspabi_sral_7         
0000cd04  __mspabi_sral_8         
0000cd00  __mspabi_sral_9         
0000cb82  __mspabi_srli           
0000cbc8  __mspabi_srli_1         
0000cba4  __mspabi_srli_10        
0000cba0  __mspabi_srli_11        
0000cb9c  __mspabi_srli_12        
0000cb98  __mspabi_srli_13        
0000cb94  __mspabi_srli_14        
0000cb90  __mspabi_srli_15        
0000cbc4  __mspabi_srli_2         
0000cbc0  __mspabi_srli_3         
0000cbbc  __mspabi_srli_4         
0000cbb8  __mspabi_srli_5         
0000cbb4  __mspabi_srli_6         
0000cbb0  __mspabi_srli_7         
0000cbac  __mspabi_srli_8         
0000cba8  __mspabi_srli_9         
0000d13c  __mspabi_srll           
0000cc1a  __mspabi_srlll          
0000d102  _c_int00_noinit_noargs  
0000fffe  _reset_vector           
000003b0  _stack                  
0000d1ca  _system_pre_init        
0000d1be  abort                   
0000d07c  delay_ms                
0000d094  loadBasicSetUp          
0000c546  main                    
0000d14e  memcpy                  
0000ca50  printInt16              
0000c8e2  radioGet                
0000c79e  radioInit               
0000cb30  radioPut                
0000cddc  setDCOFreq              
0000cd64  spiUCB0Init             
0000d0c0  spiUCB0Transfer         
0000cac0  sr04GetCm               
0000c634  sr04GetUs               
0000cf20  sr04Init                
0000cbce  sr04Print               
0000d1b6  stopWatchDogTimer       
0000ce42  sx1278BeginPacket       
0000cfb8  sx1278EndPacket         
0000d0d6  sx1278ExplicitHeaderMode
0000ce10  sx1278GetPacket         
0000d17e  sx1278Idle              
0000d0ec  sx1278ImplicitHeaderMode
0000c6f8  sx1278Init              
0000c842  sx1278IsDataAvailable   
0000cda2  sx1278PutBuffer         
0000d040  sx1278RegRead           
0000cfdc  sx1278RegWrite          
0000d05e  sx1278SendExplicitPacket
0000d18a  sx1278SetSyncWord       
0000cf6e  sx1278SetTxPower        
0000d196  sx1278Sleep             
0000d1c4  sx1278SpiTrans          
0000cef6  sx1278setFrequency      
0000d1a2  uartPutc                
0000cca4  uartPuts                
0000ceca  uartSetup               


GLOBAL SYMBOLS: SORTED BY Symbol Address 

address   name                    
-------   ----                    
00000000  IE1                     
00000001  IE2                     
00000002  IFG1                    
00000003  IFG2                    
00000010  P3REN                   
00000018  P3IN                    
00000019  P3OUT                   
0000001a  P3DIR                   
0000001b  P3SEL                   
00000020  P1IN                    
00000021  P1OUT                   
00000022  P1DIR                   
00000023  P1IFG                   
00000024  P1IES                   
00000025  P1IE                    
00000026  P1SEL                   
00000027  P1REN                   
00000028  P2IN                    
00000029  P2OUT                   
0000002a  P2DIR                   
0000002b  P2IFG                   
0000002c  P2IES                   
0000002d  P2IE                    
0000002e  P2SEL                   
0000002f  P2REN                   
00000041  P1SEL2                  
00000042  P2SEL2                  
00000043  P3SEL2                  
00000048  ADC10DTC0               
00000049  ADC10DTC1               
0000004a  ADC10AE0                
00000050  __STACK_SIZE            
00000053  BCSCTL3                 
00000056  DCOCTL                  
00000057  BCSCTL1                 
00000058  BCSCTL2                 
00000059  CACTL1                  
0000005a  CACTL2                  
0000005b  CAPD                    
0000005d  UCA0ABCTL               
0000005e  UCA0IRTCTL              
0000005f  UCA0IRRCTL              
00000060  UCA0CTL0                
00000061  UCA0CTL1                
00000062  UCA0BR0                 
00000063  UCA0BR1                 
00000064  UCA0MCTL                
00000065  UCA0STAT                
00000066  UCA0RXBUF               
00000067  UCA0TXBUF               
00000068  UCB0CTL0                
00000069  UCB0CTL1                
0000006a  UCB0BR0                 
0000006b  UCB0BR1                 
0000006c  UCB0I2CIE               
0000006d  UCB0STAT                
0000006e  UCB0RXBUF               
0000006f  UCB0TXBUF               
00000118  UCB0I2COA               
0000011a  UCB0I2CSA               
0000011e  TA1IV                   
00000120  WDTCTL                  
00000128  FCTL1                   
0000012a  FCTL2                   
0000012c  FCTL3                   
0000012e  TA0IV                   
00000160  TA0CTL                  
00000162  TA0CCTL0                
00000164  TA0CCTL1                
00000166  TA0CCTL2                
00000170  TA0R                    
00000172  TA0CCR0                 
00000174  TA0CCR1                 
00000176  TA0CCR2                 
00000180  TA1CTL                  
00000182  TA1CCTL0                
00000184  TA1CCTL1                
00000186  TA1CCTL2                
00000190  TA1R                    
00000192  TA1CCR0                 
00000194  TA1CCR1                 
00000196  TA1CCR2                 
000001b0  ADC10CTL0               
000001b2  ADC10CTL1               
000001b4  ADC10MEM                
000001bc  ADC10SA                 
000003b0  _stack                  
00000400  __STACK_END             
000010c0  TLV_CHECKSUM            
000010da  TLV_ADC10_1_TAG         
000010db  TLV_ADC10_1_LEN         
000010f6  TLV_DCO_30_TAG          
000010f7  TLV_DCO_30_LEN          
000010f8  CALDCO_16MHZ            
000010f9  CALBC1_16MHZ            
000010fa  CALDCO_12MHZ            
000010fb  CALBC1_12MHZ            
000010fc  CALDCO_8MHZ             
000010fd  CALBC1_8MHZ             
000010fe  CALDCO_1MHZ             
000010ff  CALBC1_1MHZ             
0000c000  __TI_CINIT_Base         
0000c000  __TI_CINIT_Limit        
0000c000  __TI_CINIT_Warm         
0000c000  __mspabi_mpyd           
0000c2c0  __TI_frcmpyd            
0000c432  __mspabi_mpyll          
0000c432  __mspabi_mpyll_sw       
0000c546  main                    
0000c634  sr04GetUs               
0000c6f8  sx1278Init              
0000c79e  radioInit               
0000c842  sx1278IsDataAvailable   
0000c8e2  radioGet                
0000c96c  __mspabi_fixdul         
0000c9e0  __mspabi_cvtfd          
0000ca50  printInt16              
0000cac0  sr04GetCm               
0000cb30  radioPut                
0000cb82  __mspabi_srli           
0000cb90  __mspabi_srli_15        
0000cb94  __mspabi_srli_14        
0000cb98  __mspabi_srli_13        
0000cb9c  __mspabi_srli_12        
0000cba0  __mspabi_srli_11        
0000cba4  __mspabi_srli_10        
0000cba8  __mspabi_srli_9         
0000cbac  __mspabi_srli_8         
0000cbb0  __mspabi_srli_7         
0000cbb4  __mspabi_srli_6         
0000cbb8  __mspabi_srli_5         
0000cbbc  __mspabi_srli_4         
0000cbc0  __mspabi_srli_3         
0000cbc4  __mspabi_srli_2         
0000cbc8  __mspabi_srli_1         
0000cbce  sr04Print               
0000cc1a  __mspabi_srlll          
0000cc60  __mspabi_sllll          
0000cca4  uartPuts                
0000cce8  __mspabi_sral_15        
0000ccec  __mspabi_sral_14        
0000ccf0  __mspabi_sral_13        
0000ccf4  __mspabi_sral_12        
0000ccf8  __mspabi_sral_11        
0000ccfc  __mspabi_sral_10        
0000cd00  __mspabi_sral_9         
0000cd04  __mspabi_sral_8         
0000cd08  __mspabi_sral_7         
0000cd0c  __mspabi_sral_6         
0000cd10  __mspabi_sral_5         
0000cd14  __mspabi_sral_4         
0000cd18  __mspabi_sral_3         
0000cd1c  __mspabi_sral_2         
0000cd20  __mspabi_sral_1         
0000cd26  __mspabi_slll_15        
0000cd2a  __mspabi_slll_14        
0000cd2e  __mspabi_slll_13        
0000cd32  __mspabi_slll_12        
0000cd36  __mspabi_slll_11        
0000cd3a  __mspabi_slll_10        
0000cd3e  __mspabi_slll_9         
0000cd42  __mspabi_slll_8         
0000cd46  __mspabi_slll_7         
0000cd4a  __mspabi_slll_6         
0000cd4e  __mspabi_slll_5         
0000cd52  __mspabi_slll_4         
0000cd56  __mspabi_slll_3         
0000cd5a  __mspabi_slll_2         
0000cd5e  __mspabi_slll_1         
0000cd64  spiUCB0Init             
0000cda2  sx1278PutBuffer         
0000cddc  setDCOFreq              
0000ce10  sx1278GetPacket         
0000ce42  sx1278BeginPacket       
0000ce72  __mspabi_srai           
0000ce7e  __mspabi_srai_15        
0000ce80  __mspabi_srai_14        
0000ce82  __mspabi_srai_13        
0000ce84  __mspabi_srai_12        
0000ce86  __mspabi_srai_11        
0000ce88  __mspabi_srai_10        
0000ce8a  __mspabi_srai_9         
0000ce8c  __mspabi_srai_8         
0000ce8e  __mspabi_srai_7         
0000ce90  __mspabi_srai_6         
0000ce92  __mspabi_srai_5         
0000ce94  __mspabi_srai_4         
0000ce96  __mspabi_srai_3         
0000ce98  __mspabi_srai_2         
0000ce9a  __mspabi_srai_1         
0000ce9e  __mspabi_slli           
0000ceaa  __mspabi_slli_15        
0000ceac  __mspabi_slli_14        
0000ceae  __mspabi_slli_13        
0000ceb0  __mspabi_slli_12        
0000ceb2  __mspabi_slli_11        
0000ceb4  __mspabi_slli_10        
0000ceb6  __mspabi_slli_9         
0000ceb8  __mspabi_slli_8         
0000ceba  __mspabi_slli_7         
0000cebc  __mspabi_slli_6         
0000cebe  __mspabi_slli_5         
0000cec0  __mspabi_slli_4         
0000cec2  __mspabi_slli_3         
0000cec4  __mspabi_slli_2         
0000cec6  __mspabi_slli_1         
0000ceca  uartSetup               
0000cef6  sx1278setFrequency      
0000cf20  sr04Init                
0000cf48  __mspabi_mpyl           
0000cf48  __mspabi_mpyl_sw        
0000cf6e  sx1278SetTxPower        
0000cf94  __mspabi_fltuf          
0000cfb8  sx1278EndPacket         
0000cfdc  sx1278RegWrite          
0000d000  __mspabi_mpyul          
0000d000  __mspabi_mpyul_sw       
0000d022  __mspabi_mpyull         
0000d022  __mspabi_mpyull_sw      
0000d040  sx1278RegRead           
0000d05e  sx1278SendExplicitPacket
0000d07c  delay_ms                
0000d094  loadBasicSetUp          
0000d0aa  __mspabi_divu           
0000d0aa  __mspabi_remu           
0000d0c0  spiUCB0Transfer         
0000d0d6  sx1278ExplicitHeaderMode
0000d0ec  sx1278ImplicitHeaderMode
0000d102  _c_int00_noinit_noargs  
0000d116  __mspabi_mpyi           
0000d116  __mspabi_mpyi_sw        
0000d12a  __mspabi_fixdu          
0000d13c  __mspabi_srll           
0000d14e  memcpy                  
0000d160  __mspabi_func_epilog_7  
0000d162  __mspabi_func_epilog_6  
0000d164  __mspabi_func_epilog_5  
0000d166  __mspabi_func_epilog_4  
0000d168  __mspabi_func_epilog_3  
0000d16a  __mspabi_func_epilog_2  
0000d16c  __mspabi_func_epilog_1  
0000d170  NMI_ISR_HOOK            
0000d17e  sx1278Idle              
0000d18a  sx1278SetSyncWord       
0000d196  sx1278Sleep             
0000d1a2  uartPutc                
0000d1ae  __TI_ISR_TRAP           
0000d1b6  stopWatchDogTimer       
0000d1be  C$$EXIT                 
0000d1be  abort                   
0000d1c4  sx1278SpiTrans          
0000d1ca  _system_pre_init        
0000d1ce  ADC10_ISR_HOOK          
0000d1d0  PORT1_ISR_HOOK          
0000d1d2  PORT2_ISR_HOOK          
0000d1d4  TIMERA0_ISR_HOOK        
0000d1d6  TIMERA1_ISR_HOOK        
0000d1d8  USCI0RX_ISR_HOOK        
0000d1da  USCI0TX_ISR_HOOK        
0000d1dc  WDT_ISR_HOOK            
0000d24c  FactorMult              
0000ffe0  __TI_int00              
0000ffe4  __TI_int02              
0000ffe6  __TI_int03              
0000ffea  __TI_int05              
0000ffec  __TI_int06              
0000ffee  __TI_int07              
0000fff0  __TI_int08              
0000fff2  __TI_int09              
0000fff4  __TI_int10              
0000fff6  __TI_int11              
0000fff8  __TI_int12              
0000fffa  __TI_int13              
0000fffc  __TI_int14              
0000fffe  _reset_vector           
ffffffff  __TI_pprof_out_hndl     
ffffffff  __TI_prof_data_size     
ffffffff  __TI_prof_data_start    
ffffffff  __c_args__              

[279 symbols]
