<?xml version="1.0" encoding="ISO-8859-1" ?>
<link_info>
   <banner>MSP430 Linker Unix v21.6.1.LTS</banner>
   <copyright>Copyright (c) 2003-2018 Texas Instruments Incorporated</copyright>
   <link_time>0x6717fc51</link_time>
   <link_errors>0x0</link_errors>
   <output_file>pzsensor001.out</output_file>
   <entry_point>
      <name>_c_int00_noinit_noargs</name>
      <address>0xd102</address>
   </entry_point>
   <input_file_list>
      <input_file id="fl-2">
         <path>./</path>
         <kind>object</kind>
         <file>main.obj</file>
         <name>main.obj</name>
      </input_file>
      <input_file id="fl-3">
         <path>./</path>
         <kind>object</kind>
         <file>mod_radio.obj</file>
         <name>mod_radio.obj</name>
      </input_file>
      <input_file id="fl-4">
         <path>./</path>
         <kind>object</kind>
         <file>mod_sr04.obj</file>
         <name>mod_sr04.obj</name>
      </input_file>
      <input_file id="fl-5">
         <path>./mod_library/</path>
         <kind>object</kind>
         <file>mod_DACs.obj</file>
         <name>mod_DACs.obj</name>
      </input_file>
      <input_file id="fl-6">
         <path>./mod_library/</path>
         <kind>object</kind>
         <file>mod_adc.obj</file>
         <name>mod_adc.obj</name>
      </input_file>
      <input_file id="fl-7">
         <path>./mod_library/</path>
         <kind>object</kind>
         <file>mod_core.obj</file>
         <name>mod_core.obj</name>
      </input_file>
      <input_file id="fl-8">
         <path>./mod_library/</path>
         <kind>object</kind>
         <file>mod_ds1302.obj</file>
         <name>mod_ds1302.obj</name>
      </input_file>
      <input_file id="fl-9">
         <path>./mod_library/</path>
         <kind>object</kind>
         <file>mod_ds1307.obj</file>
         <name>mod_ds1307.obj</name>
      </input_file>
      <input_file id="fl-a">
         <path>./mod_library/</path>
         <kind>object</kind>
         <file>mod_i2c.obj</file>
         <name>mod_i2c.obj</name>
      </input_file>
      <input_file id="fl-b">
         <path>./mod_library/</path>
         <kind>object</kind>
         <file>mod_keypad.obj</file>
         <name>mod_keypad.obj</name>
      </input_file>
      <input_file id="fl-c">
         <path>./mod_library/</path>
         <kind>object</kind>
         <file>mod_lcd.obj</file>
         <name>mod_lcd.obj</name>
      </input_file>
      <input_file id="fl-d">
         <path>./mod_library/</path>
         <kind>object</kind>
         <file>mod_lcd2.obj</file>
         <name>mod_lcd2.obj</name>
      </input_file>
      <input_file id="fl-e">
         <path>./mod_library/</path>
         <kind>object</kind>
         <file>mod_lcd5110.obj</file>
         <name>mod_lcd5110.obj</name>
      </input_file>
      <input_file id="fl-f">
         <path>./mod_library/</path>
         <kind>object</kind>
         <file>mod_lora.obj</file>
         <name>mod_lora.obj</name>
      </input_file>
      <input_file id="fl-10">
         <path>./mod_library/</path>
         <kind>object</kind>
         <file>mod_mpu6050.obj</file>
         <name>mod_mpu6050.obj</name>
      </input_file>
      <input_file id="fl-11">
         <path>./mod_library/</path>
         <kind>object</kind>
         <file>mod_nostdio.obj</file>
         <name>mod_nostdio.obj</name>
      </input_file>
      <input_file id="fl-12">
         <path>./mod_library/</path>
         <kind>object</kind>
         <file>mod_nrf24l01.obj</file>
         <name>mod_nrf24l01.obj</name>
      </input_file>
      <input_file id="fl-13">
         <path>./mod_library/</path>
         <kind>object</kind>
         <file>mod_pins_io.obj</file>
         <name>mod_pins_io.obj</name>
      </input_file>
      <input_file id="fl-14">
         <path>./mod_library/</path>
         <kind>object</kind>
         <file>mod_spi.obj</file>
         <name>mod_spi.obj</name>
      </input_file>
      <input_file id="fl-15">
         <path>./mod_library/</path>
         <kind>object</kind>
         <file>mod_timerA.obj</file>
         <name>mod_timerA.obj</name>
      </input_file>
      <input_file id="fl-16">
         <path>./mod_library/</path>
         <kind>object</kind>
         <file>mod_uart.obj</file>
         <name>mod_uart.obj</name>
      </input_file>
      <input_file id="fl-1b">
         <kind>object</kind>
         <file>&lt;internal&gt;</file>
         <name>&lt;internal&gt;</name>
      </input_file>
      <input_file id="fl-31">
         <path>/opt/ti/ccs1271/ccs/tools/compiler/ti-cgt-msp430_21.6.1.LTS/lib/</path>
         <kind>archive</kind>
         <file>rts430_eabi.lib</file>
         <name>asr16.asm.obj</name>
      </input_file>
      <input_file id="fl-32">
         <path>/opt/ti/ccs1271/ccs/tools/compiler/ti-cgt-msp430_21.6.1.LTS/lib/</path>
         <kind>archive</kind>
         <file>rts430_eabi.lib</file>
         <name>div16s.asm.obj</name>
      </input_file>
      <input_file id="fl-33">
         <path>/opt/ti/ccs1271/ccs/tools/compiler/ti-cgt-msp430_21.6.1.LTS/lib/</path>
         <kind>archive</kind>
         <file>rts430_eabi.lib</file>
         <name>div16u.asm.obj</name>
      </input_file>
      <input_file id="fl-34">
         <path>/opt/ti/ccs1271/ccs/tools/compiler/ti-cgt-msp430_21.6.1.LTS/lib/</path>
         <kind>archive</kind>
         <file>rts430_eabi.lib</file>
         <name>div32u.asm.obj</name>
      </input_file>
      <input_file id="fl-35">
         <path>/opt/ti/ccs1271/ccs/tools/compiler/ti-cgt-msp430_21.6.1.LTS/lib/</path>
         <kind>archive</kind>
         <file>rts430_eabi.lib</file>
         <name>epilog.asm.obj</name>
      </input_file>
      <input_file id="fl-36">
         <path>/opt/ti/ccs1271/ccs/tools/compiler/ti-cgt-msp430_21.6.1.LTS/lib/</path>
         <kind>archive</kind>
         <file>rts430_eabi.lib</file>
         <name>fs_add.asm.obj</name>
      </input_file>
      <input_file id="fl-37">
         <path>/opt/ti/ccs1271/ccs/tools/compiler/ti-cgt-msp430_21.6.1.LTS/lib/</path>
         <kind>archive</kind>
         <file>rts430_eabi.lib</file>
         <name>fs_cmp.asm.obj</name>
      </input_file>
      <input_file id="fl-38">
         <path>/opt/ti/ccs1271/ccs/tools/compiler/ti-cgt-msp430_21.6.1.LTS/lib/</path>
         <kind>archive</kind>
         <file>rts430_eabi.lib</file>
         <name>fs_itof.asm.obj</name>
      </input_file>
      <input_file id="fl-39">
         <path>/opt/ti/ccs1271/ccs/tools/compiler/ti-cgt-msp430_21.6.1.LTS/lib/</path>
         <kind>archive</kind>
         <file>rts430_eabi.lib</file>
         <name>fs_mpy.asm.obj</name>
      </input_file>
      <input_file id="fl-3a">
         <path>/opt/ti/ccs1271/ccs/tools/compiler/ti-cgt-msp430_21.6.1.LTS/lib/</path>
         <kind>archive</kind>
         <file>rts430_eabi.lib</file>
         <name>fs_neg.asm.obj</name>
      </input_file>
      <input_file id="fl-3b">
         <path>/opt/ti/ccs1271/ccs/tools/compiler/ti-cgt-msp430_21.6.1.LTS/lib/</path>
         <kind>archive</kind>
         <file>rts430_eabi.lib</file>
         <name>fs_toi.asm.obj</name>
      </input_file>
      <input_file id="fl-3c">
         <path>/opt/ti/ccs1271/ccs/tools/compiler/ti-cgt-msp430_21.6.1.LTS/lib/</path>
         <kind>archive</kind>
         <file>rts430_eabi.lib</file>
         <name>fs_tou.asm.obj</name>
      </input_file>
      <input_file id="fl-3d">
         <path>/opt/ti/ccs1271/ccs/tools/compiler/ti-cgt-msp430_21.6.1.LTS/lib/</path>
         <kind>archive</kind>
         <file>rts430_eabi.lib</file>
         <name>fs_utof.asm.obj</name>
      </input_file>
      <input_file id="fl-3e">
         <path>/opt/ti/ccs1271/ccs/tools/compiler/ti-cgt-msp430_21.6.1.LTS/lib/</path>
         <kind>archive</kind>
         <file>rts430_eabi.lib</file>
         <name>int00.asm.obj</name>
      </input_file>
      <input_file id="fl-3f">
         <path>/opt/ti/ccs1271/ccs/tools/compiler/ti-cgt-msp430_21.6.1.LTS/lib/</path>
         <kind>archive</kind>
         <file>rts430_eabi.lib</file>
         <name>int08.asm.obj</name>
      </input_file>
      <input_file id="fl-40">
         <path>/opt/ti/ccs1271/ccs/tools/compiler/ti-cgt-msp430_21.6.1.LTS/lib/</path>
         <kind>archive</kind>
         <file>rts430_eabi.lib</file>
         <name>int11.asm.obj</name>
      </input_file>
      <input_file id="fl-41">
         <path>/opt/ti/ccs1271/ccs/tools/compiler/ti-cgt-msp430_21.6.1.LTS/lib/</path>
         <kind>archive</kind>
         <file>rts430_eabi.lib</file>
         <name>int12.asm.obj</name>
      </input_file>
      <input_file id="fl-42">
         <path>/opt/ti/ccs1271/ccs/tools/compiler/ti-cgt-msp430_21.6.1.LTS/lib/</path>
         <kind>archive</kind>
         <file>rts430_eabi.lib</file>
         <name>isr_trap.asm.obj</name>
      </input_file>
      <input_file id="fl-43">
         <path>/opt/ti/ccs1271/ccs/tools/compiler/ti-cgt-msp430_21.6.1.LTS/lib/</path>
         <kind>archive</kind>
         <file>rts430_eabi.lib</file>
         <name>lsl16.asm.obj</name>
      </input_file>
      <input_file id="fl-44">
         <path>/opt/ti/ccs1271/ccs/tools/compiler/ti-cgt-msp430_21.6.1.LTS/lib/</path>
         <kind>archive</kind>
         <file>rts430_eabi.lib</file>
         <name>lsr16.asm.obj</name>
      </input_file>
      <input_file id="fl-45">
         <path>/opt/ti/ccs1271/ccs/tools/compiler/ti-cgt-msp430_21.6.1.LTS/lib/</path>
         <kind>archive</kind>
         <file>rts430_eabi.lib</file>
         <name>mult16.asm.obj</name>
      </input_file>
      <input_file id="fl-46">
         <path>/opt/ti/ccs1271/ccs/tools/compiler/ti-cgt-msp430_21.6.1.LTS/lib/</path>
         <kind>archive</kind>
         <file>rts430_eabi.lib</file>
         <name>mult32.asm.obj</name>
      </input_file>
      <input_file id="fl-47">
         <path>/opt/ti/ccs1271/ccs/tools/compiler/ti-cgt-msp430_21.6.1.LTS/lib/</path>
         <kind>archive</kind>
         <file>rts430_eabi.lib</file>
         <name>boot.c.obj</name>
      </input_file>
      <input_file id="fl-48">
         <path>/opt/ti/ccs1271/ccs/tools/compiler/ti-cgt-msp430_21.6.1.LTS/lib/</path>
         <kind>archive</kind>
         <file>rts430_eabi.lib</file>
         <name>autoinit.c.obj</name>
      </input_file>
      <input_file id="fl-49">
         <path>/opt/ti/ccs1271/ccs/tools/compiler/ti-cgt-msp430_21.6.1.LTS/lib/</path>
         <kind>archive</kind>
         <file>rts430_eabi.lib</file>
         <name>copy_zero_init.c.obj</name>
      </input_file>
      <input_file id="fl-4a">
         <path>/opt/ti/ccs1271/ccs/tools/compiler/ti-cgt-msp430_21.6.1.LTS/lib/</path>
         <kind>archive</kind>
         <file>rts430_eabi.lib</file>
         <name>cpy_tbl.c.obj</name>
      </input_file>
      <input_file id="fl-4b">
         <path>/opt/ti/ccs1271/ccs/tools/compiler/ti-cgt-msp430_21.6.1.LTS/lib/</path>
         <kind>archive</kind>
         <file>rts430_eabi.lib</file>
         <name>mpu_init.c.obj</name>
      </input_file>
      <input_file id="fl-4c">
         <path>/opt/ti/ccs1271/ccs/tools/compiler/ti-cgt-msp430_21.6.1.LTS/lib/</path>
         <kind>archive</kind>
         <file>rts430_eabi.lib</file>
         <name>pre_init.c.obj</name>
      </input_file>
      <input_file id="fl-4d">
         <path>/opt/ti/ccs1271/ccs/tools/compiler/ti-cgt-msp430_21.6.1.LTS/lib/</path>
         <kind>archive</kind>
         <file>rts430_eabi.lib</file>
         <name>startup.c.obj</name>
      </input_file>
      <input_file id="fl-4e">
         <path>/opt/ti/ccs1271/ccs/tools/compiler/ti-cgt-msp430_21.6.1.LTS/lib/</path>
         <kind>archive</kind>
         <file>rts430_eabi.lib</file>
         <name>copy_decompress_none.c.obj</name>
      </input_file>
      <input_file id="fl-4f">
         <path>/opt/ti/ccs1271/ccs/tools/compiler/ti-cgt-msp430_21.6.1.LTS/lib/</path>
         <kind>archive</kind>
         <file>rts430_eabi.lib</file>
         <name>copy_decompress_lzss.c.obj</name>
      </input_file>
      <input_file id="fl-50">
         <path>/opt/ti/ccs1271/ccs/tools/compiler/ti-cgt-msp430_21.6.1.LTS/lib/</path>
         <kind>archive</kind>
         <file>rts430_eabi.lib</file>
         <name>cvtdf.c.obj</name>
      </input_file>
      <input_file id="fl-51">
         <path>/opt/ti/ccs1271/ccs/tools/compiler/ti-cgt-msp430_21.6.1.LTS/lib/</path>
         <kind>archive</kind>
         <file>rts430_eabi.lib</file>
         <name>addd.c.obj</name>
      </input_file>
      <input_file id="fl-52">
         <path>/opt/ti/ccs1271/ccs/tools/compiler/ti-cgt-msp430_21.6.1.LTS/lib/</path>
         <kind>archive</kind>
         <file>rts430_eabi.lib</file>
         <name>cvtfd.c.obj</name>
      </input_file>
      <input_file id="fl-53">
         <path>/opt/ti/ccs1271/ccs/tools/compiler/ti-cgt-msp430_21.6.1.LTS/lib/</path>
         <kind>archive</kind>
         <file>rts430_eabi.lib</file>
         <name>divd.c.obj</name>
      </input_file>
      <input_file id="fl-54">
         <path>/opt/ti/ccs1271/ccs/tools/compiler/ti-cgt-msp430_21.6.1.LTS/lib/</path>
         <kind>archive</kind>
         <file>rts430_eabi.lib</file>
         <name>fixdu.c.obj</name>
      </input_file>
      <input_file id="fl-55">
         <path>/opt/ti/ccs1271/ccs/tools/compiler/ti-cgt-msp430_21.6.1.LTS/lib/</path>
         <kind>archive</kind>
         <file>rts430_eabi.lib</file>
         <name>fixdul.c.obj</name>
      </input_file>
      <input_file id="fl-56">
         <path>/opt/ti/ccs1271/ccs/tools/compiler/ti-cgt-msp430_21.6.1.LTS/lib/</path>
         <kind>archive</kind>
         <file>rts430_eabi.lib</file>
         <name>fltud.c.obj</name>
      </input_file>
      <input_file id="fl-57">
         <path>/opt/ti/ccs1271/ccs/tools/compiler/ti-cgt-msp430_21.6.1.LTS/lib/</path>
         <kind>archive</kind>
         <file>rts430_eabi.lib</file>
         <name>fltuld.c.obj</name>
      </input_file>
      <input_file id="fl-58">
         <path>/opt/ti/ccs1271/ccs/tools/compiler/ti-cgt-msp430_21.6.1.LTS/lib/</path>
         <kind>archive</kind>
         <file>rts430_eabi.lib</file>
         <name>frcdivd.c.obj</name>
      </input_file>
      <input_file id="fl-59">
         <path>/opt/ti/ccs1271/ccs/tools/compiler/ti-cgt-msp430_21.6.1.LTS/lib/</path>
         <kind>archive</kind>
         <file>rts430_eabi.lib</file>
         <name>mpyd.c.obj</name>
      </input_file>
      <input_file id="fl-5a">
         <path>/opt/ti/ccs1271/ccs/tools/compiler/ti-cgt-msp430_21.6.1.LTS/lib/</path>
         <kind>archive</kind>
         <file>rts430_eabi.lib</file>
         <name>subd.c.obj</name>
      </input_file>
      <input_file id="fl-5b">
         <path>/opt/ti/ccs1271/ccs/tools/compiler/ti-cgt-msp430_21.6.1.LTS/lib/</path>
         <kind>archive</kind>
         <file>rts430_eabi.lib</file>
         <name>exit.c.obj</name>
      </input_file>
      <input_file id="fl-5c">
         <path>/opt/ti/ccs1271/ccs/tools/compiler/ti-cgt-msp430_21.6.1.LTS/lib/</path>
         <kind>archive</kind>
         <file>rts430_eabi.lib</file>
         <name>_lock.c.obj</name>
      </input_file>
      <input_file id="fl-5d">
         <path>/opt/ti/ccs1271/ccs/tools/compiler/ti-cgt-msp430_21.6.1.LTS/lib/</path>
         <kind>archive</kind>
         <file>rts430_eabi.lib</file>
         <name>args_main.c.obj</name>
      </input_file>
      <input_file id="fl-5e">
         <path>/opt/ti/ccs1271/ccs/tools/compiler/ti-cgt-msp430_21.6.1.LTS/lib/</path>
         <kind>archive</kind>
         <file>rts430_eabi.lib</file>
         <name>memcpy.c.obj</name>
      </input_file>
      <input_file id="fl-5f">
         <path>/opt/ti/ccs1271/ccs/tools/compiler/ti-cgt-msp430_21.6.1.LTS/lib/</path>
         <kind>archive</kind>
         <file>rts430_eabi.lib</file>
         <name>asr32.asm.obj</name>
      </input_file>
      <input_file id="fl-60">
         <path>/opt/ti/ccs1271/ccs/tools/compiler/ti-cgt-msp430_21.6.1.LTS/lib/</path>
         <kind>archive</kind>
         <file>rts430_eabi.lib</file>
         <name>lsl32.asm.obj</name>
      </input_file>
      <input_file id="fl-61">
         <path>/opt/ti/ccs1271/ccs/tools/compiler/ti-cgt-msp430_21.6.1.LTS/lib/</path>
         <kind>archive</kind>
         <file>rts430_eabi.lib</file>
         <name>lsr32.asm.obj</name>
      </input_file>
      <input_file id="fl-62">
         <path>/opt/ti/ccs1271/ccs/tools/compiler/ti-cgt-msp430_21.6.1.LTS/lib/</path>
         <kind>archive</kind>
         <file>rts430_eabi.lib</file>
         <name>exit_gvars.c.obj</name>
      </input_file>
      <input_file id="fl-63">
         <path>/opt/ti/ccs1271/ccs/tools/compiler/ti-cgt-msp430_21.6.1.LTS/lib/</path>
         <kind>archive</kind>
         <file>rts430_eabi.lib</file>
         <name>asr64.c.obj</name>
      </input_file>
      <input_file id="fl-64">
         <path>/opt/ti/ccs1271/ccs/tools/compiler/ti-cgt-msp430_21.6.1.LTS/lib/</path>
         <kind>archive</kind>
         <file>rts430_eabi.lib</file>
         <name>lsl64.c.obj</name>
      </input_file>
      <input_file id="fl-65">
         <path>/opt/ti/ccs1271/ccs/tools/compiler/ti-cgt-msp430_21.6.1.LTS/lib/</path>
         <kind>archive</kind>
         <file>rts430_eabi.lib</file>
         <name>lsr64.c.obj</name>
      </input_file>
      <input_file id="fl-66">
         <path>/opt/ti/ccs1271/ccs/tools/compiler/ti-cgt-msp430_21.6.1.LTS/lib/</path>
         <kind>archive</kind>
         <file>rts430_eabi.lib</file>
         <name>frcmpyd.c.obj</name>
      </input_file>
      <input_file id="fl-67">
         <path>/opt/ti/ccs1271/ccs/tools/compiler/ti-cgt-msp430_21.6.1.LTS/lib/</path>
         <kind>archive</kind>
         <file>rts430_eabi.lib</file>
         <name>mult3264.asm.obj</name>
      </input_file>
      <input_file id="fl-68">
         <path>/opt/ti/ccs1271/ccs/tools/compiler/ti-cgt-msp430_21.6.1.LTS/lib/</path>
         <kind>archive</kind>
         <file>rts430_eabi.lib</file>
         <name>mult64.asm.obj</name>
      </input_file>
      <input_file id="fl-69">
         <path>/opt/ti/ccs1271/ccs/tools/compiler/ti-cgt-msp430_21.6.1.LTS/lib/</path>
         <kind>archive</kind>
         <file>rts430_eabi.lib</file>
         <name>mult1632.asm.obj</name>
      </input_file>
   </input_file_list>
   <object_component_list>
      <object_component id="oc-b1">
         <name>.stack</name>
         <uninitialized>true</uninitialized>
         <run_address>0x3b0</run_address>
         <size>0x2</size>
         <input_file_ref idref="fl-47"/>
      </object_component>
      <object_component id="oc-43d">
         <name>.stack</name>
         <uninitialized>true</uninitialized>
         <run_address>0x3b0</run_address>
         <size>0x0</size>
      </object_component>
      <object_component id="oc-2a1">
         <name>.text:__mspabi_mpyd</name>
         <load_address>0xc000</load_address>
         <run_address>0xc000</run_address>
         <size>0x2c0</size>
         <input_file_ref idref="fl-59"/>
      </object_component>
      <object_component id="oc-35e">
         <name>.text:__TI_frcmpyd</name>
         <load_address>0xc2c0</load_address>
         <run_address>0xc2c0</run_address>
         <size>0x172</size>
         <input_file_ref idref="fl-66"/>
      </object_component>
      <object_component id="oc-3bf">
         <name>.text:__mpyll</name>
         <load_address>0xc432</load_address>
         <run_address>0xc432</run_address>
         <size>0x114</size>
         <input_file_ref idref="fl-68"/>
      </object_component>
      <object_component id="oc-184">
         <name>.text:main</name>
         <load_address>0xc546</load_address>
         <run_address>0xc546</run_address>
         <size>0xee</size>
         <input_file_ref idref="fl-2"/>
      </object_component>
      <object_component id="oc-290">
         <name>.text:sr04GetUs</name>
         <load_address>0xc634</load_address>
         <run_address>0xc634</run_address>
         <size>0xc4</size>
         <input_file_ref idref="fl-4"/>
      </object_component>
      <object_component id="oc-24a">
         <name>.text:sx1278Init</name>
         <load_address>0xc6f8</load_address>
         <run_address>0xc6f8</run_address>
         <size>0xa6</size>
         <input_file_ref idref="fl-f"/>
      </object_component>
      <object_component id="oc-1cb">
         <name>.text:radioInit</name>
         <load_address>0xc79e</load_address>
         <run_address>0xc79e</run_address>
         <size>0xa4</size>
         <input_file_ref idref="fl-3"/>
      </object_component>
      <object_component id="oc-270">
         <name>.text:sx1278IsDataAvailable</name>
         <load_address>0xc842</load_address>
         <run_address>0xc842</run_address>
         <size>0xa0</size>
         <input_file_ref idref="fl-f"/>
      </object_component>
      <object_component id="oc-1d4">
         <name>.text:radioGet</name>
         <load_address>0xc8e2</load_address>
         <run_address>0xc8e2</run_address>
         <size>0x8a</size>
         <input_file_ref idref="fl-3"/>
      </object_component>
      <object_component id="oc-36b">
         <name>.text:__mspabi_fixdul</name>
         <load_address>0xc96c</load_address>
         <run_address>0xc96c</run_address>
         <size>0x74</size>
         <input_file_ref idref="fl-55"/>
      </object_component>
      <object_component id="oc-29b">
         <name>.text:__mspabi_cvtfd</name>
         <load_address>0xc9e0</load_address>
         <run_address>0xc9e0</run_address>
         <size>0x70</size>
         <input_file_ref idref="fl-52"/>
      </object_component>
      <object_component id="oc-266">
         <name>.text:printInt16</name>
         <load_address>0xca50</load_address>
         <run_address>0xca50</run_address>
         <size>0x70</size>
         <input_file_ref idref="fl-11"/>
      </object_component>
      <object_component id="oc-1e0">
         <name>.text:sr04GetCm</name>
         <load_address>0xcac0</load_address>
         <run_address>0xcac0</run_address>
         <size>0x70</size>
         <input_file_ref idref="fl-4"/>
      </object_component>
      <object_component id="oc-1da">
         <name>.text:radioPut</name>
         <load_address>0xcb30</load_address>
         <run_address>0xcb30</run_address>
         <size>0x52</size>
         <input_file_ref idref="fl-3"/>
      </object_component>
      <object_component id="oc-ba">
         <name>.text</name>
         <load_address>0xcb82</load_address>
         <run_address>0xcb82</run_address>
         <size>0x4c</size>
         <input_file_ref idref="fl-44"/>
      </object_component>
      <object_component id="oc-1e6">
         <name>.text:sr04Print</name>
         <load_address>0xcbce</load_address>
         <run_address>0xcbce</run_address>
         <size>0x4c</size>
         <input_file_ref idref="fl-4"/>
      </object_component>
      <object_component id="oc-3c9">
         <name>.text:__mspabi_srlll</name>
         <load_address>0xcc1a</load_address>
         <run_address>0xcc1a</run_address>
         <size>0x46</size>
         <input_file_ref idref="fl-65"/>
      </object_component>
      <object_component id="oc-3b9">
         <name>.text:__mspabi_sllll</name>
         <load_address>0xcc60</load_address>
         <run_address>0xcc60</run_address>
         <size>0x44</size>
         <input_file_ref idref="fl-64"/>
      </object_component>
      <object_component id="oc-1b9">
         <name>.text:uartPuts</name>
         <load_address>0xcca4</load_address>
         <run_address>0xcca4</run_address>
         <size>0x44</size>
         <input_file_ref idref="fl-16"/>
      </object_component>
      <object_component id="oc-352">
         <name>.text:l_asr_const</name>
         <load_address>0xcce8</load_address>
         <run_address>0xcce8</run_address>
         <size>0x3e</size>
         <input_file_ref idref="fl-5f"/>
      </object_component>
      <object_component id="oc-3d2">
         <name>.text:l_lsl_const</name>
         <load_address>0xcd26</load_address>
         <run_address>0xcd26</run_address>
         <size>0x3e</size>
         <input_file_ref idref="fl-60"/>
      </object_component>
      <object_component id="oc-2f8">
         <name>.text:spiUCB0Init</name>
         <load_address>0xcd64</load_address>
         <run_address>0xcd64</run_address>
         <size>0x3e</size>
         <input_file_ref idref="fl-14"/>
      </object_component>
      <object_component id="oc-283">
         <name>.text:sx1278PutBuffer</name>
         <load_address>0xcda2</load_address>
         <run_address>0xcda2</run_address>
         <size>0x3a</size>
         <input_file_ref idref="fl-f"/>
      </object_component>
      <object_component id="oc-238">
         <name>.text:setDCOFreq</name>
         <load_address>0xcddc</load_address>
         <run_address>0xcddc</run_address>
         <size>0x34</size>
         <input_file_ref idref="fl-7"/>
      </object_component>
      <object_component id="oc-276">
         <name>.text:sx1278GetPacket</name>
         <load_address>0xce10</load_address>
         <run_address>0xce10</run_address>
         <size>0x32</size>
         <input_file_ref idref="fl-f"/>
      </object_component>
      <object_component id="oc-27d">
         <name>.text:sx1278BeginPacket</name>
         <load_address>0xce42</load_address>
         <run_address>0xce42</run_address>
         <size>0x30</size>
         <input_file_ref idref="fl-f"/>
      </object_component>
      <object_component id="oc-34d">
         <name>.text</name>
         <load_address>0xce72</load_address>
         <run_address>0xce72</run_address>
         <size>0x2c</size>
         <input_file_ref idref="fl-31"/>
      </object_component>
      <object_component id="oc-b5">
         <name>.text</name>
         <load_address>0xce9e</load_address>
         <run_address>0xce9e</run_address>
         <size>0x2c</size>
         <input_file_ref idref="fl-43"/>
      </object_component>
      <object_component id="oc-1b2">
         <name>.text:uartSetup</name>
         <load_address>0xceca</load_address>
         <run_address>0xceca</run_address>
         <size>0x2c</size>
         <input_file_ref idref="fl-16"/>
      </object_component>
      <object_component id="oc-304">
         <name>.text:sx1278setFrequency</name>
         <load_address>0xcef6</load_address>
         <run_address>0xcef6</run_address>
         <size>0x2a</size>
         <input_file_ref idref="fl-f"/>
      </object_component>
      <object_component id="oc-1c5">
         <name>.text:sr04Init</name>
         <load_address>0xcf20</load_address>
         <run_address>0xcf20</run_address>
         <size>0x28</size>
         <input_file_ref idref="fl-4"/>
      </object_component>
      <object_component id="oc-3eb">
         <name>.text</name>
         <load_address>0xcf48</load_address>
         <run_address>0xcf48</run_address>
         <size>0x26</size>
         <input_file_ref idref="fl-46"/>
      </object_component>
      <object_component id="oc-310">
         <name>.text:sx1278SetTxPower</name>
         <load_address>0xcf6e</load_address>
         <run_address>0xcf6e</run_address>
         <size>0x26</size>
         <input_file_ref idref="fl-f"/>
      </object_component>
      <object_component id="oc-296">
         <name>.text</name>
         <load_address>0xcf94</load_address>
         <run_address>0xcf94</run_address>
         <size>0x24</size>
         <input_file_ref idref="fl-3d"/>
      </object_component>
      <object_component id="oc-289">
         <name>.text:sx1278EndPacket</name>
         <load_address>0xcfb8</load_address>
         <run_address>0xcfb8</run_address>
         <size>0x24</size>
         <input_file_ref idref="fl-f"/>
      </object_component>
      <object_component id="oc-30a">
         <name>.text:sx1278RegWrite</name>
         <load_address>0xcfdc</load_address>
         <run_address>0xcfdc</run_address>
         <size>0x24</size>
         <input_file_ref idref="fl-f"/>
      </object_component>
      <object_component id="oc-3f0">
         <name>.text:__mpyul</name>
         <load_address>0xd000</load_address>
         <run_address>0xd000</run_address>
         <size>0x22</size>
         <input_file_ref idref="fl-69"/>
      </object_component>
      <object_component id="oc-3c4">
         <name>.text:__mpyull</name>
         <load_address>0xd022</load_address>
         <run_address>0xd022</run_address>
         <size>0x1e</size>
         <input_file_ref idref="fl-67"/>
      </object_component>
      <object_component id="oc-25d">
         <name>.text:sx1278RegRead</name>
         <load_address>0xd040</load_address>
         <run_address>0xd040</run_address>
         <size>0x1e</size>
         <input_file_ref idref="fl-f"/>
      </object_component>
      <object_component id="oc-257">
         <name>.text:sx1278SendExplicitPacket</name>
         <load_address>0xd05e</load_address>
         <run_address>0xd05e</run_address>
         <size>0x1e</size>
         <input_file_ref idref="fl-f"/>
      </object_component>
      <object_component id="oc-1bf">
         <name>.text:delay_ms</name>
         <load_address>0xd07c</load_address>
         <run_address>0xd07c</run_address>
         <size>0x18</size>
         <input_file_ref idref="fl-7"/>
      </object_component>
      <object_component id="oc-1ac">
         <name>.text:loadBasicSetUp</name>
         <load_address>0xd094</load_address>
         <run_address>0xd094</run_address>
         <size>0x16</size>
         <input_file_ref idref="fl-7"/>
      </object_component>
      <object_component id="oc-32c">
         <name>.text</name>
         <load_address>0xd0aa</load_address>
         <run_address>0xd0aa</run_address>
         <size>0x16</size>
         <input_file_ref idref="fl-33"/>
      </object_component>
      <object_component id="oc-3a6">
         <name>.text:spiUCB0Transfer</name>
         <load_address>0xd0c0</load_address>
         <run_address>0xd0c0</run_address>
         <size>0x16</size>
         <input_file_ref idref="fl-14"/>
      </object_component>
      <object_component id="oc-33a">
         <name>.text:sx1278ExplicitHeaderMode</name>
         <load_address>0xd0d6</load_address>
         <run_address>0xd0d6</run_address>
         <size>0x16</size>
         <input_file_ref idref="fl-f"/>
      </object_component>
      <object_component id="oc-340">
         <name>.text:sx1278ImplicitHeaderMode</name>
         <load_address>0xd0ec</load_address>
         <run_address>0xd0ec</run_address>
         <size>0x16</size>
         <input_file_ref idref="fl-f"/>
      </object_component>
      <object_component id="oc-123">
         <name>.text:_c_int00_noinit_noargs</name>
         <load_address>0xd102</load_address>
         <run_address>0xd102</run_address>
         <size>0x14</size>
         <input_file_ref idref="fl-47"/>
      </object_component>
      <object_component id="oc-331">
         <name>.text</name>
         <load_address>0xd116</load_address>
         <run_address>0xd116</run_address>
         <size>0x14</size>
         <input_file_ref idref="fl-45"/>
      </object_component>
      <object_component id="oc-2a7">
         <name>.text:__mspabi_fixdu</name>
         <load_address>0xd12a</load_address>
         <run_address>0xd12a</run_address>
         <size>0x12</size>
         <input_file_ref idref="fl-54"/>
      </object_component>
      <object_component id="oc-3d7">
         <name>.text:l_lsr</name>
         <load_address>0xd13c</load_address>
         <run_address>0xd13c</run_address>
         <size>0x12</size>
         <input_file_ref idref="fl-61"/>
      </object_component>
      <object_component id="oc-cf">
         <name>.text:memcpy</name>
         <load_address>0xd14e</load_address>
         <run_address>0xd14e</run_address>
         <size>0x12</size>
         <input_file_ref idref="fl-5e"/>
      </object_component>
      <object_component id="oc-bf">
         <name>.text</name>
         <load_address>0xd160</load_address>
         <run_address>0xd160</run_address>
         <size>0x10</size>
         <input_file_ref idref="fl-35"/>
      </object_component>
      <object_component id="oc-111">
         <name>.text:NMI_ISR_HOOK</name>
         <load_address>0xd170</load_address>
         <run_address>0xd170</run_address>
         <size>0xe</size>
         <input_file_ref idref="fl-2"/>
      </object_component>
      <object_component id="oc-316">
         <name>.text:sx1278Idle</name>
         <load_address>0xd17e</load_address>
         <run_address>0xd17e</run_address>
         <size>0xc</size>
         <input_file_ref idref="fl-f"/>
      </object_component>
      <object_component id="oc-251">
         <name>.text:sx1278SetSyncWord</name>
         <load_address>0xd18a</load_address>
         <run_address>0xd18a</run_address>
         <size>0xc</size>
         <input_file_ref idref="fl-f"/>
      </object_component>
      <object_component id="oc-2fe">
         <name>.text:sx1278Sleep</name>
         <load_address>0xd196</load_address>
         <run_address>0xd196</run_address>
         <size>0xc</size>
         <input_file_ref idref="fl-f"/>
      </object_component>
      <object_component id="oc-240">
         <name>.text:uartPutc</name>
         <load_address>0xd1a2</load_address>
         <run_address>0xd1a2</run_address>
         <size>0xc</size>
         <input_file_ref idref="fl-16"/>
      </object_component>
      <object_component id="oc-dc">
         <name>.text:_isr:__TI_ISR_TRAP</name>
         <load_address>0xd1ae</load_address>
         <run_address>0xd1ae</run_address>
         <size>0x8</size>
         <input_file_ref idref="fl-42"/>
      </object_component>
      <object_component id="oc-232">
         <name>.text:stopWatchDogTimer</name>
         <load_address>0xd1b6</load_address>
         <run_address>0xd1b6</run_address>
         <size>0x8</size>
         <input_file_ref idref="fl-7"/>
      </object_component>
      <object_component id="oc-1f3">
         <name>.text:abort</name>
         <load_address>0xd1be</load_address>
         <run_address>0xd1be</run_address>
         <size>0x6</size>
         <input_file_ref idref="fl-5b"/>
      </object_component>
      <object_component id="oc-320">
         <name>.text:sx1278SpiTrans</name>
         <load_address>0xd1c4</load_address>
         <run_address>0xd1c4</run_address>
         <size>0x6</size>
         <input_file_ref idref="fl-f"/>
      </object_component>
      <object_component id="oc-17e">
         <name>.text:_system_pre_init</name>
         <load_address>0xd1ca</load_address>
         <run_address>0xd1ca</run_address>
         <size>0x4</size>
         <input_file_ref idref="fl-4c"/>
      </object_component>
      <object_component id="oc-ed">
         <name>.text:ADC10_ISR_HOOK</name>
         <load_address>0xd1ce</load_address>
         <run_address>0xd1ce</run_address>
         <size>0x2</size>
         <input_file_ref idref="fl-2"/>
      </object_component>
      <object_component id="oc-e1">
         <name>.text:PORT1_ISR_HOOK</name>
         <load_address>0xd1d0</load_address>
         <run_address>0xd1d0</run_address>
         <size>0x2</size>
         <input_file_ref idref="fl-2"/>
      </object_component>
      <object_component id="oc-e7">
         <name>.text:PORT2_ISR_HOOK</name>
         <load_address>0xd1d2</load_address>
         <run_address>0xd1d2</run_address>
         <size>0x2</size>
         <input_file_ref idref="fl-2"/>
      </object_component>
      <object_component id="oc-ff">
         <name>.text:TIMERA0_ISR_HOOK</name>
         <load_address>0xd1d4</load_address>
         <run_address>0xd1d4</run_address>
         <size>0x2</size>
         <input_file_ref idref="fl-2"/>
      </object_component>
      <object_component id="oc-10b">
         <name>.text:TIMERA1_ISR_HOOK</name>
         <load_address>0xd1d6</load_address>
         <run_address>0xd1d6</run_address>
         <size>0x2</size>
         <input_file_ref idref="fl-2"/>
      </object_component>
      <object_component id="oc-f9">
         <name>.text:USCI0RX_ISR_HOOK</name>
         <load_address>0xd1d8</load_address>
         <run_address>0xd1d8</run_address>
         <size>0x2</size>
         <input_file_ref idref="fl-2"/>
      </object_component>
      <object_component id="oc-f3">
         <name>.text:USCI0TX_ISR_HOOK</name>
         <load_address>0xd1da</load_address>
         <run_address>0xd1da</run_address>
         <size>0x2</size>
         <input_file_ref idref="fl-2"/>
      </object_component>
      <object_component id="oc-105">
         <name>.text:WDT_ISR_HOOK</name>
         <load_address>0xd1dc</load_address>
         <run_address>0xd1dc</run_address>
         <size>0x2</size>
         <input_file_ref idref="fl-2"/>
      </object_component>
      <object_component id="oc-43c">
         <name>__TI_cinit_table</name>
         <load_address>0xc000</load_address>
         <run_address>0xc000</run_address>
         <size>0x0</size>
      </object_component>
      <object_component id="oc-250">
         <name>.const:.string</name>
         <load_address>0xd1de</load_address>
         <run_address>0xd1de</run_address>
         <size>0x6e</size>
         <input_file_ref idref="fl-3"/>
      </object_component>
      <object_component id="oc-329">
         <name>.const:FactorMult</name>
         <load_address>0xd24c</load_address>
         <run_address>0xd24c</run_address>
         <size>0x2c</size>
         <input_file_ref idref="fl-11"/>
      </object_component>
      <object_component id="oc-1b8">
         <name>.const:.string</name>
         <load_address>0xd278</load_address>
         <run_address>0xd278</run_address>
         <size>0x2a</size>
         <input_file_ref idref="fl-2"/>
      </object_component>
      <object_component id="oc-2b2">
         <name>.const:.string</name>
         <load_address>0xd2a2</load_address>
         <run_address>0xd2a2</run_address>
         <size>0x1c</size>
         <input_file_ref idref="fl-4"/>
      </object_component>
      <object_component id="oc-263">
         <name>.const:.string:$P$T0$1</name>
         <load_address>0xd2be</load_address>
         <run_address>0xd2be</run_address>
         <size>0xa</size>
         <input_file_ref idref="fl-3"/>
      </object_component>
      <object_component id="oc-2af">
         <name>.const:.string:$P$T0$1</name>
         <load_address>0xd2c8</load_address>
         <run_address>0xd2c8</run_address>
         <size>0xa</size>
         <input_file_ref idref="fl-4"/>
      </object_component>
      <object_component id="oc-1d1">
         <name>.const:$P$T0$1</name>
         <load_address>0xd2d2</load_address>
         <run_address>0xd2d2</run_address>
         <size>0x4</size>
         <input_file_ref idref="fl-2"/>
      </object_component>
      <object_component id="oc-3fd">
         <name>.binit</name>
         <load_address>0xc000</load_address>
         <run_address>0xc000</run_address>
         <size>0x0</size>
      </object_component>
      <object_component id="oc-40">
         <name>.int00</name>
         <load_address>0xffe0</load_address>
         <run_address>0xffe0</run_address>
         <size>0x2</size>
         <input_file_ref idref="fl-3e"/>
      </object_component>
      <object_component id="oc-41">
         <name>.int02</name>
         <load_address>0xffe4</load_address>
         <run_address>0xffe4</run_address>
         <size>0x2</size>
         <input_file_ref idref="fl-2"/>
      </object_component>
      <object_component id="oc-42">
         <name>.int03</name>
         <load_address>0xffe6</load_address>
         <run_address>0xffe6</run_address>
         <size>0x2</size>
         <input_file_ref idref="fl-2"/>
      </object_component>
      <object_component id="oc-43">
         <name>.int05</name>
         <load_address>0xffea</load_address>
         <run_address>0xffea</run_address>
         <size>0x2</size>
         <input_file_ref idref="fl-2"/>
      </object_component>
      <object_component id="oc-44">
         <name>.int06</name>
         <load_address>0xffec</load_address>
         <run_address>0xffec</run_address>
         <size>0x2</size>
         <input_file_ref idref="fl-2"/>
      </object_component>
      <object_component id="oc-45">
         <name>.int07</name>
         <load_address>0xffee</load_address>
         <run_address>0xffee</run_address>
         <size>0x2</size>
         <input_file_ref idref="fl-2"/>
      </object_component>
      <object_component id="oc-46">
         <name>.int08</name>
         <load_address>0xfff0</load_address>
         <run_address>0xfff0</run_address>
         <size>0x2</size>
         <input_file_ref idref="fl-3f"/>
      </object_component>
      <object_component id="oc-47">
         <name>.int09</name>
         <load_address>0xfff2</load_address>
         <run_address>0xfff2</run_address>
         <size>0x2</size>
         <input_file_ref idref="fl-2"/>
      </object_component>
      <object_component id="oc-48">
         <name>.int10</name>
         <load_address>0xfff4</load_address>
         <run_address>0xfff4</run_address>
         <size>0x2</size>
         <input_file_ref idref="fl-2"/>
      </object_component>
      <object_component id="oc-49">
         <name>.int11</name>
         <load_address>0xfff6</load_address>
         <run_address>0xfff6</run_address>
         <size>0x2</size>
         <input_file_ref idref="fl-40"/>
      </object_component>
      <object_component id="oc-4a">
         <name>.int12</name>
         <load_address>0xfff8</load_address>
         <run_address>0xfff8</run_address>
         <size>0x2</size>
         <input_file_ref idref="fl-41"/>
      </object_component>
      <object_component id="oc-4b">
         <name>.int13</name>
         <load_address>0xfffa</load_address>
         <run_address>0xfffa</run_address>
         <size>0x2</size>
         <input_file_ref idref="fl-2"/>
      </object_component>
      <object_component id="oc-4c">
         <name>.int14</name>
         <load_address>0xfffc</load_address>
         <run_address>0xfffc</run_address>
         <size>0x2</size>
         <input_file_ref idref="fl-2"/>
      </object_component>
      <object_component id="oc-b4">
         <name>.reset</name>
         <load_address>0xfffe</load_address>
         <run_address>0xfffe</run_address>
         <size>0x2</size>
         <input_file_ref idref="fl-47"/>
      </object_component>
      <object_component id="oc-1ed">
         <name>.debug_info</name>
         <load_address>0x0</load_address>
         <run_address>0x0</run_address>
         <size>0x50d</size>
         <input_file_ref idref="fl-2"/>
      </object_component>
      <object_component id="oc-1d2">
         <name>.debug_info</name>
         <load_address>0x50d</load_address>
         <run_address>0x50d</run_address>
         <size>0xd0</size>
         <input_file_ref idref="fl-2"/>
      </object_component>
      <object_component id="oc-185">
         <name>.debug_info</name>
         <load_address>0x5dd</load_address>
         <run_address>0x5dd</run_address>
         <size>0x21a</size>
         <input_file_ref idref="fl-2"/>
      </object_component>
      <object_component id="oc-106">
         <name>.debug_info</name>
         <load_address>0x7f7</load_address>
         <run_address>0x7f7</run_address>
         <size>0x106</size>
         <input_file_ref idref="fl-2"/>
      </object_component>
      <object_component id="oc-f4">
         <name>.debug_info</name>
         <load_address>0x8fd</load_address>
         <run_address>0x8fd</run_address>
         <size>0x10e</size>
         <input_file_ref idref="fl-2"/>
      </object_component>
      <object_component id="oc-fa">
         <name>.debug_info</name>
         <load_address>0xa0b</load_address>
         <run_address>0xa0b</run_address>
         <size>0x10e</size>
         <input_file_ref idref="fl-2"/>
      </object_component>
      <object_component id="oc-10c">
         <name>.debug_info</name>
         <load_address>0xb19</load_address>
         <run_address>0xb19</run_address>
         <size>0x10e</size>
         <input_file_ref idref="fl-2"/>
      </object_component>
      <object_component id="oc-100">
         <name>.debug_info</name>
         <load_address>0xc27</load_address>
         <run_address>0xc27</run_address>
         <size>0x10e</size>
         <input_file_ref idref="fl-2"/>
      </object_component>
      <object_component id="oc-e8">
         <name>.debug_info</name>
         <load_address>0xd35</load_address>
         <run_address>0xd35</run_address>
         <size>0x10a</size>
         <input_file_ref idref="fl-2"/>
      </object_component>
      <object_component id="oc-e2">
         <name>.debug_info</name>
         <load_address>0xe3f</load_address>
         <run_address>0xe3f</run_address>
         <size>0x10a</size>
         <input_file_ref idref="fl-2"/>
      </object_component>
      <object_component id="oc-112">
         <name>.debug_info</name>
         <load_address>0xf49</load_address>
         <run_address>0xf49</run_address>
         <size>0x106</size>
         <input_file_ref idref="fl-2"/>
      </object_component>
      <object_component id="oc-ee">
         <name>.debug_info</name>
         <load_address>0x104f</load_address>
         <run_address>0x104f</run_address>
         <size>0x10a</size>
         <input_file_ref idref="fl-2"/>
      </object_component>
      <object_component id="oc-2b6">
         <name>.debug_info</name>
         <load_address>0x1159</load_address>
         <run_address>0x1159</run_address>
         <size>0x26b</size>
         <input_file_ref idref="fl-2"/>
      </object_component>
      <object_component id="oc-ca">
         <name>.debug_info</name>
         <load_address>0x13c4</load_address>
         <run_address>0x13c4</run_address>
         <size>0x84</size>
         <input_file_ref idref="fl-2"/>
      </object_component>
      <object_component id="oc-2bb">
         <name>.debug_info</name>
         <load_address>0x1448</load_address>
         <run_address>0x1448</run_address>
         <size>0x282</size>
         <input_file_ref idref="fl-2"/>
      </object_component>
      <object_component id="oc-1ee">
         <name>.debug_info</name>
         <load_address>0x16ca</load_address>
         <run_address>0x16ca</run_address>
         <size>0xbb</size>
         <input_file_ref idref="fl-2"/>
      </object_component>
      <object_component id="oc-26d">
         <name>.debug_info</name>
         <load_address>0x1785</load_address>
         <run_address>0x1785</run_address>
         <size>0x5dc</size>
         <input_file_ref idref="fl-3"/>
      </object_component>
      <object_component id="oc-264">
         <name>.debug_info</name>
         <load_address>0x1d61</load_address>
         <run_address>0x1d61</run_address>
         <size>0xd5</size>
         <input_file_ref idref="fl-3"/>
      </object_component>
      <object_component id="oc-1db">
         <name>.debug_info</name>
         <load_address>0x1e36</load_address>
         <run_address>0x1e36</run_address>
         <size>0x272</size>
         <input_file_ref idref="fl-3"/>
      </object_component>
      <object_component id="oc-1cc">
         <name>.debug_info</name>
         <load_address>0x20a8</load_address>
         <run_address>0x20a8</run_address>
         <size>0x26b</size>
         <input_file_ref idref="fl-3"/>
      </object_component>
      <object_component id="oc-1d5">
         <name>.debug_info</name>
         <load_address>0x2313</load_address>
         <run_address>0x2313</run_address>
         <size>0x24f</size>
         <input_file_ref idref="fl-3"/>
      </object_component>
      <object_component id="oc-2ae">
         <name>.debug_info</name>
         <load_address>0x2562</load_address>
         <run_address>0x2562</run_address>
         <size>0x3c2</size>
         <input_file_ref idref="fl-4"/>
      </object_component>
      <object_component id="oc-2b0">
         <name>.debug_info</name>
         <load_address>0x2924</load_address>
         <run_address>0x2924</run_address>
         <size>0xd4</size>
         <input_file_ref idref="fl-4"/>
      </object_component>
      <object_component id="oc-1e7">
         <name>.debug_info</name>
         <load_address>0x29f8</load_address>
         <run_address>0x29f8</run_address>
         <size>0x1c0</size>
         <input_file_ref idref="fl-4"/>
      </object_component>
      <object_component id="oc-1c6">
         <name>.debug_info</name>
         <load_address>0x2bb8</load_address>
         <run_address>0x2bb8</run_address>
         <size>0x109</size>
         <input_file_ref idref="fl-4"/>
      </object_component>
      <object_component id="oc-291">
         <name>.debug_info</name>
         <load_address>0x2cc1</load_address>
         <run_address>0x2cc1</run_address>
         <size>0x1a0</size>
         <input_file_ref idref="fl-4"/>
      </object_component>
      <object_component id="oc-1e1">
         <name>.debug_info</name>
         <load_address>0x2e61</load_address>
         <run_address>0x2e61</run_address>
         <size>0x1ef</size>
         <input_file_ref idref="fl-4"/>
      </object_component>
      <object_component id="oc-233">
         <name>.debug_info</name>
         <load_address>0x3050</load_address>
         <run_address>0x3050</run_address>
         <size>0x13f</size>
         <input_file_ref idref="fl-7"/>
      </object_component>
      <object_component id="oc-239">
         <name>.debug_info</name>
         <load_address>0x318f</load_address>
         <run_address>0x318f</run_address>
         <size>0x131</size>
         <input_file_ref idref="fl-7"/>
      </object_component>
      <object_component id="oc-1ad">
         <name>.debug_info</name>
         <load_address>0x32c0</load_address>
         <run_address>0x32c0</run_address>
         <size>0x162</size>
         <input_file_ref idref="fl-7"/>
      </object_component>
      <object_component id="oc-1c0">
         <name>.debug_info</name>
         <load_address>0x3422</load_address>
         <run_address>0x3422</run_address>
         <size>0x167</size>
         <input_file_ref idref="fl-7"/>
      </object_component>
      <object_component id="oc-31f">
         <name>.debug_info</name>
         <load_address>0x3589</load_address>
         <run_address>0x3589</run_address>
         <size>0x35c</size>
         <input_file_ref idref="fl-f"/>
      </object_component>
      <object_component id="oc-321">
         <name>.debug_info</name>
         <load_address>0x38e5</load_address>
         <run_address>0x38e5</run_address>
         <size>0x166</size>
         <input_file_ref idref="fl-f"/>
      </object_component>
      <object_component id="oc-30b">
         <name>.debug_info</name>
         <load_address>0x3a4b</load_address>
         <run_address>0x3a4b</run_address>
         <size>0x1a2</size>
         <input_file_ref idref="fl-f"/>
      </object_component>
      <object_component id="oc-305">
         <name>.debug_info</name>
         <load_address>0x3bed</load_address>
         <run_address>0x3bed</run_address>
         <size>0x1a3</size>
         <input_file_ref idref="fl-f"/>
      </object_component>
      <object_component id="oc-2ff">
         <name>.debug_info</name>
         <load_address>0x3d90</load_address>
         <run_address>0x3d90</run_address>
         <size>0x148</size>
         <input_file_ref idref="fl-f"/>
      </object_component>
      <object_component id="oc-311">
         <name>.debug_info</name>
         <load_address>0x3ed8</load_address>
         <run_address>0x3ed8</run_address>
         <size>0x178</size>
         <input_file_ref idref="fl-f"/>
      </object_component>
      <object_component id="oc-252">
         <name>.debug_info</name>
         <load_address>0x4050</load_address>
         <run_address>0x4050</run_address>
         <size>0x16e</size>
         <input_file_ref idref="fl-f"/>
      </object_component>
      <object_component id="oc-317">
         <name>.debug_info</name>
         <load_address>0x41be</load_address>
         <run_address>0x41be</run_address>
         <size>0x146</size>
         <input_file_ref idref="fl-f"/>
      </object_component>
      <object_component id="oc-25e">
         <name>.debug_info</name>
         <load_address>0x4304</load_address>
         <run_address>0x4304</run_address>
         <size>0x17a</size>
         <input_file_ref idref="fl-f"/>
      </object_component>
      <object_component id="oc-33b">
         <name>.debug_info</name>
         <load_address>0x447e</load_address>
         <run_address>0x447e</run_address>
         <size>0x176</size>
         <input_file_ref idref="fl-f"/>
      </object_component>
      <object_component id="oc-341">
         <name>.debug_info</name>
         <load_address>0x45f4</load_address>
         <run_address>0x45f4</run_address>
         <size>0x176</size>
         <input_file_ref idref="fl-f"/>
      </object_component>
      <object_component id="oc-27e">
         <name>.debug_info</name>
         <load_address>0x476a</load_address>
         <run_address>0x476a</run_address>
         <size>0x206</size>
         <input_file_ref idref="fl-f"/>
      </object_component>
      <object_component id="oc-284">
         <name>.debug_info</name>
         <load_address>0x4970</load_address>
         <run_address>0x4970</run_address>
         <size>0x1d0</size>
         <input_file_ref idref="fl-f"/>
      </object_component>
      <object_component id="oc-28a">
         <name>.debug_info</name>
         <load_address>0x4b40</load_address>
         <run_address>0x4b40</run_address>
         <size>0x17d</size>
         <input_file_ref idref="fl-f"/>
      </object_component>
      <object_component id="oc-258">
         <name>.debug_info</name>
         <load_address>0x4cbd</load_address>
         <run_address>0x4cbd</run_address>
         <size>0x1ed</size>
         <input_file_ref idref="fl-f"/>
      </object_component>
      <object_component id="oc-271">
         <name>.debug_info</name>
         <load_address>0x4eaa</load_address>
         <run_address>0x4eaa</run_address>
         <size>0x2f2</size>
         <input_file_ref idref="fl-f"/>
      </object_component>
      <object_component id="oc-24b">
         <name>.debug_info</name>
         <load_address>0x519c</load_address>
         <run_address>0x519c</run_address>
         <size>0x252</size>
         <input_file_ref idref="fl-f"/>
      </object_component>
      <object_component id="oc-277">
         <name>.debug_info</name>
         <load_address>0x53ee</load_address>
         <run_address>0x53ee</run_address>
         <size>0x1ba</size>
         <input_file_ref idref="fl-f"/>
      </object_component>
      <object_component id="oc-337">
         <name>.debug_info</name>
         <load_address>0x55a8</load_address>
         <run_address>0x55a8</run_address>
         <size>0x15c</size>
         <input_file_ref idref="fl-11"/>
      </object_component>
      <object_component id="oc-32a">
         <name>.debug_info</name>
         <load_address>0x5704</load_address>
         <run_address>0x5704</run_address>
         <size>0xea</size>
         <input_file_ref idref="fl-11"/>
      </object_component>
      <object_component id="oc-267">
         <name>.debug_info</name>
         <load_address>0x57ee</load_address>
         <run_address>0x57ee</run_address>
         <size>0x1e9</size>
         <input_file_ref idref="fl-11"/>
      </object_component>
      <object_component id="oc-3a7">
         <name>.debug_info</name>
         <load_address>0x59d7</load_address>
         <run_address>0x59d7</run_address>
         <size>0x176</size>
         <input_file_ref idref="fl-14"/>
      </object_component>
      <object_component id="oc-2f9">
         <name>.debug_info</name>
         <load_address>0x5b4d</load_address>
         <run_address>0x5b4d</run_address>
         <size>0x171</size>
         <input_file_ref idref="fl-14"/>
      </object_component>
      <object_component id="oc-247">
         <name>.debug_info</name>
         <load_address>0x5cbe</load_address>
         <run_address>0x5cbe</run_address>
         <size>0x3c4</size>
         <input_file_ref idref="fl-16"/>
      </object_component>
      <object_component id="oc-1b3">
         <name>.debug_info</name>
         <load_address>0x6082</load_address>
         <run_address>0x6082</run_address>
         <size>0x1c1</size>
         <input_file_ref idref="fl-16"/>
      </object_component>
      <object_component id="oc-241">
         <name>.debug_info</name>
         <load_address>0x6243</load_address>
         <run_address>0x6243</run_address>
         <size>0x163</size>
         <input_file_ref idref="fl-16"/>
      </object_component>
      <object_component id="oc-1ba">
         <name>.debug_info</name>
         <load_address>0x63a6</load_address>
         <run_address>0x63a6</run_address>
         <size>0x193</size>
         <input_file_ref idref="fl-16"/>
      </object_component>
      <object_component id="oc-34f">
         <name>.debug_info</name>
         <load_address>0x6539</load_address>
         <run_address>0x6539</run_address>
         <size>0x120</size>
         <input_file_ref idref="fl-31"/>
      </object_component>
      <object_component id="oc-32d">
         <name>.debug_info</name>
         <load_address>0x6659</load_address>
         <run_address>0x6659</run_address>
         <size>0x121</size>
         <input_file_ref idref="fl-33"/>
      </object_component>
      <object_component id="oc-c0">
         <name>.debug_info</name>
         <load_address>0x677a</load_address>
         <run_address>0x677a</run_address>
         <size>0x12e</size>
         <input_file_ref idref="fl-35"/>
      </object_component>
      <object_component id="oc-297">
         <name>.debug_info</name>
         <load_address>0x68a8</load_address>
         <run_address>0x68a8</run_address>
         <size>0x124</size>
         <input_file_ref idref="fl-3d"/>
      </object_component>
      <object_component id="oc-dd">
         <name>.debug_info</name>
         <load_address>0x69cc</load_address>
         <run_address>0x69cc</run_address>
         <size>0x10f</size>
         <input_file_ref idref="fl-42"/>
      </object_component>
      <object_component id="oc-b6">
         <name>.debug_info</name>
         <load_address>0x6adb</load_address>
         <run_address>0x6adb</run_address>
         <size>0x120</size>
         <input_file_ref idref="fl-43"/>
      </object_component>
      <object_component id="oc-bb">
         <name>.debug_info</name>
         <load_address>0x6bfb</load_address>
         <run_address>0x6bfb</run_address>
         <size>0x120</size>
         <input_file_ref idref="fl-44"/>
      </object_component>
      <object_component id="oc-332">
         <name>.debug_info</name>
         <load_address>0x6d1b</load_address>
         <run_address>0x6d1b</run_address>
         <size>0x121</size>
         <input_file_ref idref="fl-45"/>
      </object_component>
      <object_component id="oc-3ec">
         <name>.debug_info</name>
         <load_address>0x6e3c</load_address>
         <run_address>0x6e3c</run_address>
         <size>0x121</size>
         <input_file_ref idref="fl-46"/>
      </object_component>
      <object_component id="oc-b2">
         <name>.debug_info</name>
         <load_address>0x6f5d</load_address>
         <run_address>0x6f5d</run_address>
         <size>0x100</size>
         <input_file_ref idref="fl-47"/>
      </object_component>
      <object_component id="oc-125">
         <name>.debug_info</name>
         <load_address>0x705d</load_address>
         <run_address>0x705d</run_address>
         <size>0x177</size>
         <input_file_ref idref="fl-47"/>
      </object_component>
      <object_component id="oc-160">
         <name>.debug_info</name>
         <load_address>0x71d4</load_address>
         <run_address>0x71d4</run_address>
         <size>0x2c</size>
         <input_file_ref idref="fl-49"/>
      </object_component>
      <object_component id="oc-17f">
         <name>.debug_info</name>
         <load_address>0x7200</load_address>
         <run_address>0x7200</run_address>
         <size>0x153</size>
         <input_file_ref idref="fl-4c"/>
      </object_component>
      <object_component id="oc-359">
         <name>.debug_info</name>
         <load_address>0x7353</load_address>
         <run_address>0x7353</run_address>
         <size>0xdb</size>
         <input_file_ref idref="fl-50"/>
      </object_component>
      <object_component id="oc-358">
         <name>.debug_info</name>
         <load_address>0x742e</load_address>
         <run_address>0x742e</run_address>
         <size>0x165</size>
         <input_file_ref idref="fl-52"/>
      </object_component>
      <object_component id="oc-29e">
         <name>.debug_info</name>
         <load_address>0x7593</load_address>
         <run_address>0x7593</run_address>
         <size>0x1d4</size>
         <input_file_ref idref="fl-52"/>
      </object_component>
      <object_component id="oc-366">
         <name>.debug_info</name>
         <load_address>0x7767</load_address>
         <run_address>0x7767</run_address>
         <size>0x94</size>
         <input_file_ref idref="fl-53"/>
      </object_component>
      <object_component id="oc-2ab">
         <name>.debug_info</name>
         <load_address>0x77fb</load_address>
         <run_address>0x77fb</run_address>
         <size>0x16b</size>
         <input_file_ref idref="fl-54"/>
      </object_component>
      <object_component id="oc-36f">
         <name>.debug_info</name>
         <load_address>0x7966</load_address>
         <run_address>0x7966</run_address>
         <size>0x1c0</size>
         <input_file_ref idref="fl-55"/>
      </object_component>
      <object_component id="oc-365">
         <name>.debug_info</name>
         <load_address>0x7b26</load_address>
         <run_address>0x7b26</run_address>
         <size>0x197</size>
         <input_file_ref idref="fl-59"/>
      </object_component>
      <object_component id="oc-2a4">
         <name>.debug_info</name>
         <load_address>0x7cbd</load_address>
         <run_address>0x7cbd</run_address>
         <size>0x2d2</size>
         <input_file_ref idref="fl-59"/>
      </object_component>
      <object_component id="oc-1f6">
         <name>.debug_info</name>
         <load_address>0x7f8f</load_address>
         <run_address>0x7f8f</run_address>
         <size>0x122</size>
         <input_file_ref idref="fl-5b"/>
      </object_component>
      <object_component id="oc-15f">
         <name>.debug_info</name>
         <load_address>0x80b1</load_address>
         <run_address>0x80b1</run_address>
         <size>0x181</size>
         <input_file_ref idref="fl-5e"/>
      </object_component>
      <object_component id="oc-d0">
         <name>.debug_info</name>
         <load_address>0x8232</load_address>
         <run_address>0x8232</run_address>
         <size>0x17a</size>
         <input_file_ref idref="fl-5e"/>
      </object_component>
      <object_component id="oc-353">
         <name>.debug_info</name>
         <load_address>0x83ac</load_address>
         <run_address>0x83ac</run_address>
         <size>0x126</size>
         <input_file_ref idref="fl-5f"/>
      </object_component>
      <object_component id="oc-3d3">
         <name>.debug_info</name>
         <load_address>0x84d2</load_address>
         <run_address>0x84d2</run_address>
         <size>0x126</size>
         <input_file_ref idref="fl-60"/>
      </object_component>
      <object_component id="oc-3d8">
         <name>.debug_info</name>
         <load_address>0x85f8</load_address>
         <run_address>0x85f8</run_address>
         <size>0x120</size>
         <input_file_ref idref="fl-61"/>
      </object_component>
      <object_component id="oc-3ba">
         <name>.debug_info</name>
         <load_address>0x8718</load_address>
         <run_address>0x8718</run_address>
         <size>0x193</size>
         <input_file_ref idref="fl-64"/>
      </object_component>
      <object_component id="oc-3ca">
         <name>.debug_info</name>
         <load_address>0x88ab</load_address>
         <run_address>0x88ab</run_address>
         <size>0x193</size>
         <input_file_ref idref="fl-65"/>
      </object_component>
      <object_component id="oc-35f">
         <name>.debug_info</name>
         <load_address>0x8a3e</load_address>
         <run_address>0x8a3e</run_address>
         <size>0x239</size>
         <input_file_ref idref="fl-66"/>
      </object_component>
      <object_component id="oc-3c7">
         <name>.debug_info</name>
         <load_address>0x8c77</load_address>
         <run_address>0x8c77</run_address>
         <size>0x139</size>
         <input_file_ref idref="fl-67"/>
      </object_component>
      <object_component id="oc-3c0">
         <name>.debug_info</name>
         <load_address>0x8db0</load_address>
         <run_address>0x8db0</run_address>
         <size>0x20b</size>
         <input_file_ref idref="fl-68"/>
      </object_component>
      <object_component id="oc-3f1">
         <name>.debug_info</name>
         <load_address>0x8fbb</load_address>
         <run_address>0x8fbb</run_address>
         <size>0x125</size>
         <input_file_ref idref="fl-69"/>
      </object_component>
      <object_component id="oc-43e">
         <name>.debug_info</name>
         <load_address>0x90e0</load_address>
         <run_address>0x90e0</run_address>
         <size>0xa2</size>
      </object_component>
      <object_component id="oc-2b5">
         <name>.debug_line</name>
         <load_address>0x0</load_address>
         <run_address>0x0</run_address>
         <size>0xba</size>
         <input_file_ref idref="fl-2"/>
      </object_component>
      <object_component id="oc-26f">
         <name>.debug_line</name>
         <load_address>0xba</load_address>
         <run_address>0xba</run_address>
         <size>0x2d</size>
         <input_file_ref idref="fl-2"/>
      </object_component>
      <object_component id="oc-188">
         <name>.debug_line</name>
         <load_address>0xe7</load_address>
         <run_address>0xe7</run_address>
         <size>0xe9</size>
         <input_file_ref idref="fl-2"/>
      </object_component>
      <object_component id="oc-109">
         <name>.debug_line</name>
         <load_address>0x1d0</load_address>
         <run_address>0x1d0</run_address>
         <size>0x3d</size>
         <input_file_ref idref="fl-2"/>
      </object_component>
      <object_component id="oc-f7">
         <name>.debug_line</name>
         <load_address>0x20d</load_address>
         <run_address>0x20d</run_address>
         <size>0x3d</size>
         <input_file_ref idref="fl-2"/>
      </object_component>
      <object_component id="oc-fd">
         <name>.debug_line</name>
         <load_address>0x24a</load_address>
         <run_address>0x24a</run_address>
         <size>0x3d</size>
         <input_file_ref idref="fl-2"/>
      </object_component>
      <object_component id="oc-10f">
         <name>.debug_line</name>
         <load_address>0x287</load_address>
         <run_address>0x287</run_address>
         <size>0x3d</size>
         <input_file_ref idref="fl-2"/>
      </object_component>
      <object_component id="oc-103">
         <name>.debug_line</name>
         <load_address>0x2c4</load_address>
         <run_address>0x2c4</run_address>
         <size>0x3d</size>
         <input_file_ref idref="fl-2"/>
      </object_component>
      <object_component id="oc-eb">
         <name>.debug_line</name>
         <load_address>0x301</load_address>
         <run_address>0x301</run_address>
         <size>0x3d</size>
         <input_file_ref idref="fl-2"/>
      </object_component>
      <object_component id="oc-e5">
         <name>.debug_line</name>
         <load_address>0x33e</load_address>
         <run_address>0x33e</run_address>
         <size>0x3d</size>
         <input_file_ref idref="fl-2"/>
      </object_component>
      <object_component id="oc-115">
         <name>.debug_line</name>
         <load_address>0x37b</load_address>
         <run_address>0x37b</run_address>
         <size>0x44</size>
         <input_file_ref idref="fl-2"/>
      </object_component>
      <object_component id="oc-f1">
         <name>.debug_line</name>
         <load_address>0x3bf</load_address>
         <run_address>0x3bf</run_address>
         <size>0x3d</size>
         <input_file_ref idref="fl-2"/>
      </object_component>
      <object_component id="oc-2b9">
         <name>.debug_line</name>
         <load_address>0x3fc</load_address>
         <run_address>0x3fc</run_address>
         <size>0x74</size>
         <input_file_ref idref="fl-2"/>
      </object_component>
      <object_component id="oc-cd">
         <name>.debug_line</name>
         <load_address>0x470</load_address>
         <run_address>0x470</run_address>
         <size>0x20</size>
         <input_file_ref idref="fl-2"/>
      </object_component>
      <object_component id="oc-2be">
         <name>.debug_line</name>
         <load_address>0x490</load_address>
         <run_address>0x490</run_address>
         <size>0x78</size>
         <input_file_ref idref="fl-2"/>
      </object_component>
      <object_component id="oc-1f1">
         <name>.debug_line</name>
         <load_address>0x508</load_address>
         <run_address>0x508</run_address>
         <size>0x75</size>
         <input_file_ref idref="fl-2"/>
      </object_component>
      <object_component id="oc-339">
         <name>.debug_line</name>
         <load_address>0x57d</load_address>
         <run_address>0x57d</run_address>
         <size>0xd4</size>
         <input_file_ref idref="fl-3"/>
      </object_component>
      <object_component id="oc-328">
         <name>.debug_line</name>
         <load_address>0x651</load_address>
         <run_address>0x651</run_address>
         <size>0x32</size>
         <input_file_ref idref="fl-3"/>
      </object_component>
      <object_component id="oc-1de">
         <name>.debug_line</name>
         <load_address>0x683</load_address>
         <run_address>0x683</run_address>
         <size>0x60</size>
         <input_file_ref idref="fl-3"/>
      </object_component>
      <object_component id="oc-1cf">
         <name>.debug_line</name>
         <load_address>0x6e3</load_address>
         <run_address>0x6e3</run_address>
         <size>0xbc</size>
         <input_file_ref idref="fl-3"/>
      </object_component>
      <object_component id="oc-1d8">
         <name>.debug_line</name>
         <load_address>0x79f</load_address>
         <run_address>0x79f</run_address>
         <size>0xb0</size>
         <input_file_ref idref="fl-3"/>
      </object_component>
      <object_component id="oc-373">
         <name>.debug_line</name>
         <load_address>0x84f</load_address>
         <run_address>0x84f</run_address>
         <size>0xb7</size>
         <input_file_ref idref="fl-4"/>
      </object_component>
      <object_component id="oc-375">
         <name>.debug_line</name>
         <load_address>0x906</load_address>
         <run_address>0x906</run_address>
         <size>0x31</size>
         <input_file_ref idref="fl-4"/>
      </object_component>
      <object_component id="oc-1ea">
         <name>.debug_line</name>
         <load_address>0x937</load_address>
         <run_address>0x937</run_address>
         <size>0x52</size>
         <input_file_ref idref="fl-4"/>
      </object_component>
      <object_component id="oc-1c9">
         <name>.debug_line</name>
         <load_address>0x989</load_address>
         <run_address>0x989</run_address>
         <size>0xa6</size>
         <input_file_ref idref="fl-4"/>
      </object_component>
      <object_component id="oc-294">
         <name>.debug_line</name>
         <load_address>0xa2f</load_address>
         <run_address>0xa2f</run_address>
         <size>0x12e</size>
         <input_file_ref idref="fl-4"/>
      </object_component>
      <object_component id="oc-1e4">
         <name>.debug_line</name>
         <load_address>0xb5d</load_address>
         <run_address>0xb5d</run_address>
         <size>0x48</size>
         <input_file_ref idref="fl-4"/>
      </object_component>
      <object_component id="oc-236">
         <name>.debug_line</name>
         <load_address>0xba5</load_address>
         <run_address>0xba5</run_address>
         <size>0x50</size>
         <input_file_ref idref="fl-7"/>
      </object_component>
      <object_component id="oc-23c">
         <name>.debug_line</name>
         <load_address>0xbf5</load_address>
         <run_address>0xbf5</run_address>
         <size>0x5d</size>
         <input_file_ref idref="fl-7"/>
      </object_component>
      <object_component id="oc-1b0">
         <name>.debug_line</name>
         <load_address>0xc52</load_address>
         <run_address>0xc52</run_address>
         <size>0x58</size>
         <input_file_ref idref="fl-7"/>
      </object_component>
      <object_component id="oc-1c3">
         <name>.debug_line</name>
         <load_address>0xcaa</load_address>
         <run_address>0xcaa</run_address>
         <size>0x56</size>
         <input_file_ref idref="fl-7"/>
      </object_component>
      <object_component id="oc-3a5">
         <name>.debug_line</name>
         <load_address>0xd00</load_address>
         <run_address>0xd00</run_address>
         <size>0xa5</size>
         <input_file_ref idref="fl-f"/>
      </object_component>
      <object_component id="oc-324">
         <name>.debug_line</name>
         <load_address>0xda5</load_address>
         <run_address>0xda5</run_address>
         <size>0x53</size>
         <input_file_ref idref="fl-f"/>
      </object_component>
      <object_component id="oc-30e">
         <name>.debug_line</name>
         <load_address>0xdf8</load_address>
         <run_address>0xdf8</run_address>
         <size>0xa3</size>
         <input_file_ref idref="fl-f"/>
      </object_component>
      <object_component id="oc-308">
         <name>.debug_line</name>
         <load_address>0xe9b</load_address>
         <run_address>0xe9b</run_address>
         <size>0x54</size>
         <input_file_ref idref="fl-f"/>
      </object_component>
      <object_component id="oc-302">
         <name>.debug_line</name>
         <load_address>0xeef</load_address>
         <run_address>0xeef</run_address>
         <size>0x52</size>
         <input_file_ref idref="fl-f"/>
      </object_component>
      <object_component id="oc-314">
         <name>.debug_line</name>
         <load_address>0xf41</load_address>
         <run_address>0xf41</run_address>
         <size>0x5d</size>
         <input_file_ref idref="fl-f"/>
      </object_component>
      <object_component id="oc-255">
         <name>.debug_line</name>
         <load_address>0xf9e</load_address>
         <run_address>0xf9e</run_address>
         <size>0x53</size>
         <input_file_ref idref="fl-f"/>
      </object_component>
      <object_component id="oc-31a">
         <name>.debug_line</name>
         <load_address>0xff1</load_address>
         <run_address>0xff1</run_address>
         <size>0x53</size>
         <input_file_ref idref="fl-f"/>
      </object_component>
      <object_component id="oc-261">
         <name>.debug_line</name>
         <load_address>0x1044</load_address>
         <run_address>0x1044</run_address>
         <size>0xa1</size>
         <input_file_ref idref="fl-f"/>
      </object_component>
      <object_component id="oc-33e">
         <name>.debug_line</name>
         <load_address>0x10e5</load_address>
         <run_address>0x10e5</run_address>
         <size>0x53</size>
         <input_file_ref idref="fl-f"/>
      </object_component>
      <object_component id="oc-344">
         <name>.debug_line</name>
         <load_address>0x1138</load_address>
         <run_address>0x1138</run_address>
         <size>0x53</size>
         <input_file_ref idref="fl-f"/>
      </object_component>
      <object_component id="oc-281">
         <name>.debug_line</name>
         <load_address>0x118b</load_address>
         <run_address>0x118b</run_address>
         <size>0x5f</size>
         <input_file_ref idref="fl-f"/>
      </object_component>
      <object_component id="oc-287">
         <name>.debug_line</name>
         <load_address>0x11ea</load_address>
         <run_address>0x11ea</run_address>
         <size>0x65</size>
         <input_file_ref idref="fl-f"/>
      </object_component>
      <object_component id="oc-28d">
         <name>.debug_line</name>
         <load_address>0x124f</load_address>
         <run_address>0x124f</run_address>
         <size>0x5a</size>
         <input_file_ref idref="fl-f"/>
      </object_component>
      <object_component id="oc-25b">
         <name>.debug_line</name>
         <load_address>0x12a9</load_address>
         <run_address>0x12a9</run_address>
         <size>0x55</size>
         <input_file_ref idref="fl-f"/>
      </object_component>
      <object_component id="oc-274">
         <name>.debug_line</name>
         <load_address>0x12fe</load_address>
         <run_address>0x12fe</run_address>
         <size>0x7b</size>
         <input_file_ref idref="fl-f"/>
      </object_component>
      <object_component id="oc-24e">
         <name>.debug_line</name>
         <load_address>0x1379</load_address>
         <run_address>0x1379</run_address>
         <size>0xd3</size>
         <input_file_ref idref="fl-f"/>
      </object_component>
      <object_component id="oc-27a">
         <name>.debug_line</name>
         <load_address>0x144c</load_address>
         <run_address>0x144c</run_address>
         <size>0x62</size>
         <input_file_ref idref="fl-f"/>
      </object_component>
      <object_component id="oc-3b2">
         <name>.debug_line</name>
         <load_address>0x14ae</load_address>
         <run_address>0x14ae</run_address>
         <size>0x20</size>
         <input_file_ref idref="fl-11"/>
      </object_component>
      <object_component id="oc-3ae">
         <name>.debug_line</name>
         <load_address>0x14ce</load_address>
         <run_address>0x14ce</run_address>
         <size>0x40</size>
         <input_file_ref idref="fl-11"/>
      </object_component>
      <object_component id="oc-26a">
         <name>.debug_line</name>
         <load_address>0x150e</load_address>
         <run_address>0x150e</run_address>
         <size>0x6b</size>
         <input_file_ref idref="fl-11"/>
      </object_component>
      <object_component id="oc-3aa">
         <name>.debug_line</name>
         <load_address>0x1579</load_address>
         <run_address>0x1579</run_address>
         <size>0x58</size>
         <input_file_ref idref="fl-14"/>
      </object_component>
      <object_component id="oc-2fc">
         <name>.debug_line</name>
         <load_address>0x15d1</load_address>
         <run_address>0x15d1</run_address>
         <size>0xab</size>
         <input_file_ref idref="fl-14"/>
      </object_component>
      <object_component id="oc-2f7">
         <name>.debug_line</name>
         <load_address>0x167c</load_address>
         <run_address>0x167c</run_address>
         <size>0x5d</size>
         <input_file_ref idref="fl-16"/>
      </object_component>
      <object_component id="oc-1b6">
         <name>.debug_line</name>
         <load_address>0x16d9</load_address>
         <run_address>0x16d9</run_address>
         <size>0x94</size>
         <input_file_ref idref="fl-16"/>
      </object_component>
      <object_component id="oc-244">
         <name>.debug_line</name>
         <load_address>0x176d</load_address>
         <run_address>0x176d</run_address>
         <size>0x53</size>
         <input_file_ref idref="fl-16"/>
[...]
      <symbol id="sm-276">
         <name>printInt16</name>
         <value>0xca50</value>
         <object_component_ref idref="oc-266"/>
      </symbol>
      <symbol id="sm-277">
         <name>FactorMult</name>
         <value>0xd24c</value>
         <object_component_ref idref="oc-329"/>
      </symbol>
      <symbol id="sm-28b">
         <name>spiUCB0Init</name>
         <value>0xcd64</value>
         <object_component_ref idref="oc-2f8"/>
      </symbol>
      <symbol id="sm-28c">
         <name>spiUCB0Transfer</name>
         <value>0xd0c0</value>
         <object_component_ref idref="oc-3a6"/>
      </symbol>
      <symbol id="sm-2ad">
         <name>uartSetup</name>
         <value>0xceca</value>
         <object_component_ref idref="oc-1b2"/>
      </symbol>
      <symbol id="sm-2ae">
         <name>uartPutc</name>
         <value>0xd1a2</value>
         <object_component_ref idref="oc-240"/>
      </symbol>
      <symbol id="sm-2af">
         <name>uartPuts</name>
         <value>0xcca4</value>
         <object_component_ref idref="oc-1b9"/>
      </symbol>
      <symbol id="sm-2b8">
         <name>__mspabi_srai</name>
         <value>0xce72</value>
         <object_component_ref idref="oc-34d"/>
      </symbol>
      <symbol id="sm-2b9">
         <name>__mspabi_srai_8</name>
         <value>0xce8c</value>
         <object_component_ref idref="oc-34d"/>
      </symbol>
      <symbol id="sm-2ba">
         <name>__mspabi_srai_9</name>
         <value>0xce8a</value>
         <object_component_ref idref="oc-34d"/>
      </symbol>
      <symbol id="sm-2bb">
         <name>__mspabi_srai_6</name>
         <value>0xce90</value>
         <object_component_ref idref="oc-34d"/>
      </symbol>
      <symbol id="sm-2bc">
         <name>__mspabi_srai_7</name>
         <value>0xce8e</value>
         <object_component_ref idref="oc-34d"/>
      </symbol>
      <symbol id="sm-2bd">
         <name>__mspabi_srai_4</name>
         <value>0xce94</value>
         <object_component_ref idref="oc-34d"/>
      </symbol>
      <symbol id="sm-2be">
         <name>__mspabi_srai_5</name>
         <value>0xce92</value>
         <object_component_ref idref="oc-34d"/>
      </symbol>
      <symbol id="sm-2bf">
         <name>__mspabi_srai_2</name>
         <value>0xce98</value>
         <object_component_ref idref="oc-34d"/>
      </symbol>
      <symbol id="sm-2c0">
         <name>__mspabi_srai_3</name>
         <value>0xce96</value>
         <object_component_ref idref="oc-34d"/>
      </symbol>
      <symbol id="sm-2c1">
         <name>__mspabi_srai_1</name>
         <value>0xce9a</value>
         <object_component_ref idref="oc-34d"/>
      </symbol>
      <symbol id="sm-2c2">
         <name>__mspabi_srai_15</name>
         <value>0xce7e</value>
         <object_component_ref idref="oc-34d"/>
      </symbol>
      <symbol id="sm-2c3">
         <name>__mspabi_srai_14</name>
         <value>0xce80</value>
         <object_component_ref idref="oc-34d"/>
      </symbol>
      <symbol id="sm-2c4">
         <name>__mspabi_srai_13</name>
         <value>0xce82</value>
         <object_component_ref idref="oc-34d"/>
      </symbol>
      <symbol id="sm-2c5">
         <name>__mspabi_srai_12</name>
         <value>0xce84</value>
         <object_component_ref idref="oc-34d"/>
      </symbol>
      <symbol id="sm-2c6">
         <name>__mspabi_srai_11</name>
         <value>0xce86</value>
         <object_component_ref idref="oc-34d"/>
      </symbol>
      <symbol id="sm-2c7">
         <name>__mspabi_srai_10</name>
         <value>0xce88</value>
         <object_component_ref idref="oc-34d"/>
      </symbol>
      <symbol id="sm-2d2">
         <name>__mspabi_remu</name>
         <value>0xd0aa</value>
         <object_component_ref idref="oc-32c"/>
      </symbol>
      <symbol id="sm-2d3">
         <name>__mspabi_divu</name>
         <value>0xd0aa</value>
         <object_component_ref idref="oc-32c"/>
      </symbol>
      <symbol id="sm-2dd">
         <name>__mspabi_func_epilog_2</name>
         <value>0xd16a</value>
         <object_component_ref idref="oc-bf"/>
      </symbol>
      <symbol id="sm-2de">
         <name>__mspabi_func_epilog_3</name>
         <value>0xd168</value>
         <object_component_ref idref="oc-bf"/>
      </symbol>
      <symbol id="sm-2df">
         <name>__mspabi_func_epilog_1</name>
         <value>0xd16c</value>
         <object_component_ref idref="oc-bf"/>
      </symbol>
      <symbol id="sm-2e0">
         <name>__mspabi_func_epilog_6</name>
         <value>0xd162</value>
         <object_component_ref idref="oc-bf"/>
      </symbol>
      <symbol id="sm-2e1">
         <name>__mspabi_func_epilog_7</name>
         <value>0xd160</value>
         <object_component_ref idref="oc-bf"/>
      </symbol>
      <symbol id="sm-2e2">
         <name>__mspabi_func_epilog_4</name>
         <value>0xd166</value>
         <object_component_ref idref="oc-bf"/>
      </symbol>
      <symbol id="sm-2e3">
         <name>__mspabi_func_epilog_5</name>
         <value>0xd164</value>
         <object_component_ref idref="oc-bf"/>
      </symbol>
      <symbol id="sm-2f5">
         <name>__mspabi_fltuf</name>
         <value>0xcf94</value>
         <object_component_ref idref="oc-296"/>
      </symbol>
      <symbol id="sm-2f8">
         <name>__TI_int00</name>
         <value>0xffe0</value>
         <object_component_ref idref="oc-40"/>
      </symbol>
      <symbol id="sm-2fb">
         <name>__TI_int08</name>
         <value>0xfff0</value>
         <object_component_ref idref="oc-46"/>
      </symbol>
      <symbol id="sm-2fe">
         <name>__TI_int11</name>
         <value>0xfff6</value>
         <object_component_ref idref="oc-49"/>
      </symbol>
      <symbol id="sm-301">
         <name>__TI_int12</name>
         <value>0xfff8</value>
         <object_component_ref idref="oc-4a"/>
      </symbol>
      <symbol id="sm-309">
         <name>__TI_ISR_TRAP</name>
         <value>0xd1ae</value>
         <object_component_ref idref="oc-dc"/>
      </symbol>
      <symbol id="sm-311">
         <name>__mspabi_slli</name>
         <value>0xce9e</value>
         <object_component_ref idref="oc-b5"/>
      </symbol>
      <symbol id="sm-312">
         <name>__mspabi_slli_9</name>
         <value>0xceb6</value>
         <object_component_ref idref="oc-b5"/>
      </symbol>
      <symbol id="sm-313">
         <name>__mspabi_slli_8</name>
         <value>0xceb8</value>
         <object_component_ref idref="oc-b5"/>
      </symbol>
      <symbol id="sm-314">
         <name>__mspabi_slli_7</name>
         <value>0xceba</value>
         <object_component_ref idref="oc-b5"/>
      </symbol>
      <symbol id="sm-315">
         <name>__mspabi_slli_6</name>
         <value>0xcebc</value>
         <object_component_ref idref="oc-b5"/>
      </symbol>
      <symbol id="sm-316">
         <name>__mspabi_slli_5</name>
         <value>0xcebe</value>
         <object_component_ref idref="oc-b5"/>
      </symbol>
      <symbol id="sm-317">
         <name>__mspabi_slli_4</name>
         <value>0xcec0</value>
         <object_component_ref idref="oc-b5"/>
      </symbol>
      <symbol id="sm-318">
         <name>__mspabi_slli_3</name>
         <value>0xcec2</value>
         <object_component_ref idref="oc-b5"/>
      </symbol>
      <symbol id="sm-319">
         <name>__mspabi_slli_2</name>
         <value>0xcec4</value>
         <object_component_ref idref="oc-b5"/>
      </symbol>
      <symbol id="sm-31a">
         <name>__mspabi_slli_1</name>
         <value>0xcec6</value>
         <object_component_ref idref="oc-b5"/>
      </symbol>
      <symbol id="sm-31b">
         <name>__mspabi_slli_15</name>
         <value>0xceaa</value>
         <object_component_ref idref="oc-b5"/>
      </symbol>
      <symbol id="sm-31c">
         <name>__mspabi_slli_14</name>
         <value>0xceac</value>
         <object_component_ref idref="oc-b5"/>
      </symbol>
      <symbol id="sm-31d">
         <name>__mspabi_slli_13</name>
         <value>0xceae</value>
         <object_component_ref idref="oc-b5"/>
      </symbol>
      <symbol id="sm-31e">
         <name>__mspabi_slli_12</name>
         <value>0xceb0</value>
         <object_component_ref idref="oc-b5"/>
      </symbol>
      <symbol id="sm-31f">
         <name>__mspabi_slli_11</name>
         <value>0xceb2</value>
         <object_component_ref idref="oc-b5"/>
      </symbol>
      <symbol id="sm-320">
         <name>__mspabi_slli_10</name>
         <value>0xceb4</value>
         <object_component_ref idref="oc-b5"/>
      </symbol>
      <symbol id="sm-328">
         <name>__mspabi_srli_8</name>
         <value>0xcbac</value>
         <object_component_ref idref="oc-ba"/>
      </symbol>
      <symbol id="sm-329">
         <name>__mspabi_srli_9</name>
         <value>0xcba8</value>
         <object_component_ref idref="oc-ba"/>
      </symbol>
      <symbol id="sm-32a">
         <name>__mspabi_srli_6</name>
         <value>0xcbb4</value>
         <object_component_ref idref="oc-ba"/>
      </symbol>
      <symbol id="sm-32b">
         <name>__mspabi_srli_7</name>
         <value>0xcbb0</value>
         <object_component_ref idref="oc-ba"/>
      </symbol>
      <symbol id="sm-32c">
         <name>__mspabi_srli_4</name>
         <value>0xcbbc</value>
         <object_component_ref idref="oc-ba"/>
      </symbol>
      <symbol id="sm-32d">
         <name>__mspabi_srli_5</name>
         <value>0xcbb8</value>
         <object_component_ref idref="oc-ba"/>
      </symbol>
      <symbol id="sm-32e">
         <name>__mspabi_srli_2</name>
         <value>0xcbc4</value>
         <object_component_ref idref="oc-ba"/>
      </symbol>
      <symbol id="sm-32f">
         <name>__mspabi_srli_3</name>
         <value>0xcbc0</value>
         <object_component_ref idref="oc-ba"/>
      </symbol>
      <symbol id="sm-330">
         <name>__mspabi_srli_1</name>
         <value>0xcbc8</value>
         <object_component_ref idref="oc-ba"/>
      </symbol>
      <symbol id="sm-331">
         <name>__mspabi_srli</name>
         <value>0xcb82</value>
         <object_component_ref idref="oc-ba"/>
      </symbol>
      <symbol id="sm-332">
         <name>__mspabi_srli_15</name>
         <value>0xcb90</value>
         <object_component_ref idref="oc-ba"/>
      </symbol>
      <symbol id="sm-333">
         <name>__mspabi_srli_14</name>
         <value>0xcb94</value>
         <object_component_ref idref="oc-ba"/>
      </symbol>
      <symbol id="sm-334">
         <name>__mspabi_srli_13</name>
         <value>0xcb98</value>
         <object_component_ref idref="oc-ba"/>
      </symbol>
      <symbol id="sm-335">
         <name>__mspabi_srli_12</name>
         <value>0xcb9c</value>
         <object_component_ref idref="oc-ba"/>
      </symbol>
      <symbol id="sm-336">
         <name>__mspabi_srli_11</name>
         <value>0xcba0</value>
         <object_component_ref idref="oc-ba"/>
      </symbol>
      <symbol id="sm-337">
         <name>__mspabi_srli_10</name>
         <value>0xcba4</value>
         <object_component_ref idref="oc-ba"/>
      </symbol>
      <symbol id="sm-341">
         <name>__mspabi_mpyi_sw</name>
         <value>0xd116</value>
         <object_component_ref idref="oc-331"/>
      </symbol>
      <symbol id="sm-342">
         <name>__mspabi_mpyi</name>
         <value>0xd116</value>
         <object_component_ref idref="oc-331"/>
      </symbol>
      <symbol id="sm-34c">
         <name>__mspabi_mpyl_sw</name>
         <value>0xcf48</value>
         <object_component_ref idref="oc-3eb"/>
      </symbol>
      <symbol id="sm-34d">
         <name>__mspabi_mpyl</name>
         <value>0xcf48</value>
         <object_component_ref idref="oc-3eb"/>
      </symbol>
      <symbol id="sm-35c">
         <name>_c_int00_noinit_noargs</name>
         <value>0xd102</value>
         <object_component_ref idref="oc-123"/>
      </symbol>
      <symbol id="sm-35d">
         <name>_stack</name>
         <value>0x3b0</value>
         <object_component_ref idref="oc-b1"/>
      </symbol>
      <symbol id="sm-35e">
         <name>_reset_vector</name>
         <value>0xfffe</value>
         <object_component_ref idref="oc-b4"/>
      </symbol>
      <symbol id="sm-370">
         <name>_system_pre_init</name>
         <value>0xd1ca</value>
         <object_component_ref idref="oc-17e"/>
      </symbol>
      <symbol id="sm-38b">
         <name>__mspabi_cvtfd</name>
         <value>0xc9e0</value>
         <object_component_ref idref="oc-29b"/>
      </symbol>
      <symbol id="sm-39c">
         <name>__mspabi_fixdu</name>
         <value>0xd12a</value>
         <object_component_ref idref="oc-2a7"/>
      </symbol>
      <symbol id="sm-3ac">
         <name>__mspabi_fixdul</name>
         <value>0xc96c</value>
         <object_component_ref idref="oc-36b"/>
      </symbol>
      <symbol id="sm-3d5">
         <name>__mspabi_mpyd</name>
         <value>0xc000</value>
         <object_component_ref idref="oc-2a1"/>
      </symbol>
      <symbol id="sm-3e0">
         <name>C$$EXIT</name>
         <value>0xd1be</value>
         <object_component_ref idref="oc-1f3"/>
      </symbol>
      <symbol id="sm-3e1">
         <name>abort</name>
         <value>0xd1be</value>
         <object_component_ref idref="oc-1f3"/>
      </symbol>
      <symbol id="sm-3f1">
         <name>memcpy</name>
         <value>0xd14e</value>
         <object_component_ref idref="oc-cf"/>
      </symbol>
      <symbol id="sm-3f9">
         <name>__mspabi_sral_15</name>
         <value>0xcce8</value>
         <object_component_ref idref="oc-352"/>
      </symbol>
      <symbol id="sm-3fa">
         <name>__mspabi_sral_14</name>
         <value>0xccec</value>
         <object_component_ref idref="oc-352"/>
      </symbol>
      <symbol id="sm-3fb">
         <name>__mspabi_sral_13</name>
         <value>0xccf0</value>
         <object_component_ref idref="oc-352"/>
      </symbol>
      <symbol id="sm-3fc">
         <name>__mspabi_sral_12</name>
         <value>0xccf4</value>
         <object_component_ref idref="oc-352"/>
      </symbol>
      <symbol id="sm-3fd">
         <name>__mspabi_sral_11</name>
         <value>0xccf8</value>
         <object_component_ref idref="oc-352"/>
      </symbol>
      <symbol id="sm-3fe">
         <name>__mspabi_sral_10</name>
         <value>0xccfc</value>
         <object_component_ref idref="oc-352"/>
      </symbol>
      <symbol id="sm-3ff">
         <name>__mspabi_sral_8</name>
         <value>0xcd04</value>
         <object_component_ref idref="oc-352"/>
      </symbol>
      <symbol id="sm-400">
         <name>__mspabi_sral_9</name>
         <value>0xcd00</value>
         <object_component_ref idref="oc-352"/>
      </symbol>
      <symbol id="sm-401">
         <name>__mspabi_sral_6</name>
         <value>0xcd0c</value>
         <object_component_ref idref="oc-352"/>
      </symbol>
      <symbol id="sm-402">
         <name>__mspabi_sral_7</name>
         <value>0xcd08</value>
         <object_component_ref idref="oc-352"/>
      </symbol>
      <symbol id="sm-403">
         <name>__mspabi_sral_4</name>
         <value>0xcd14</value>
         <object_component_ref idref="oc-352"/>
      </symbol>
      <symbol id="sm-404">
         <name>__mspabi_sral_5</name>
         <value>0xcd10</value>
         <object_component_ref idref="oc-352"/>
      </symbol>
      <symbol id="sm-405">
         <name>__mspabi_sral_2</name>
         <value>0xcd1c</value>
         <object_component_ref idref="oc-352"/>
      </symbol>
      <symbol id="sm-406">
         <name>__mspabi_sral_3</name>
         <value>0xcd18</value>
         <object_component_ref idref="oc-352"/>
      </symbol>
      <symbol id="sm-407">
         <name>__mspabi_sral_1</name>
         <value>0xcd20</value>
         <object_component_ref idref="oc-352"/>
      </symbol>
      <symbol id="sm-40f">
         <name>__mspabi_slll_9</name>
         <value>0xcd3e</value>
         <object_component_ref idref="oc-3d2"/>
      </symbol>
      <symbol id="sm-410">
         <name>__mspabi_slll_8</name>
         <value>0xcd42</value>
         <object_component_ref idref="oc-3d2"/>
      </symbol>
      <symbol id="sm-411">
         <name>__mspabi_slll_7</name>
         <value>0xcd46</value>
         <object_component_ref idref="oc-3d2"/>
      </symbol>
      <symbol id="sm-412">
         <name>__mspabi_slll_6</name>
         <value>0xcd4a</value>
         <object_component_ref idref="oc-3d2"/>
      </symbol>
      <symbol id="sm-413">
         <name>__mspabi_slll_5</name>
         <value>0xcd4e</value>
         <object_component_ref idref="oc-3d2"/>
      </symbol>
      <symbol id="sm-414">
         <name>__mspabi_slll_4</name>
         <value>0xcd52</value>
         <object_component_ref idref="oc-3d2"/>
      </symbol>
      <symbol id="sm-415">
         <name>__mspabi_slll_3</name>
         <value>0xcd56</value>
         <object_component_ref idref="oc-3d2"/>
      </symbol>
      <symbol id="sm-416">
         <name>__mspabi_slll_2</name>
         <value>0xcd5a</value>
         <object_component_ref idref="oc-3d2"/>
      </symbol>
      <symbol id="sm-417">
         <name>__mspabi_slll_1</name>
         <value>0xcd5e</value>
         <object_component_ref idref="oc-3d2"/>
      </symbol>
      <symbol id="sm-418">
         <name>__mspabi_slll_15</name>
         <value>0xcd26</value>
         <object_component_ref idref="oc-3d2"/>
      </symbol>
      <symbol id="sm-419">
         <name>__mspabi_slll_14</name>
         <value>0xcd2a</value>
         <object_component_ref idref="oc-3d2"/>
      </symbol>
      <symbol id="sm-41a">
         <name>__mspabi_slll_13</name>
         <value>0xcd2e</value>
         <object_component_ref idref="oc-3d2"/>
      </symbol>
      <symbol id="sm-41b">
         <name>__mspabi_slll_12</name>
         <value>0xcd32</value>
         <object_component_ref idref="oc-3d2"/>
      </symbol>
      <symbol id="sm-41c">
         <name>__mspabi_slll_11</name>
         <value>0xcd36</value>
         <object_component_ref idref="oc-3d2"/>
      </symbol>
      <symbol id="sm-41d">
         <name>__mspabi_slll_10</name>
         <value>0xcd3a</value>
         <object_component_ref idref="oc-3d2"/>
      </symbol>
      <symbol id="sm-427">
         <name>__mspabi_srll</name>
         <value>0xd13c</value>
         <object_component_ref idref="oc-3d7"/>
      </symbol>
      <symbol id="sm-436">
         <name>__mspabi_sllll</name>
         <value>0xcc60</value>
         <object_component_ref idref="oc-3b9"/>
      </symbol>
      <symbol id="sm-443">
         <name>__mspabi_srlll</name>
         <value>0xcc1a</value>
         <object_component_ref idref="oc-3c9"/>
      </symbol>
      <symbol id="sm-44e">
         <name>__TI_frcmpyd</name>
         <value>0xc2c0</value>
         <object_component_ref idref="oc-35e"/>
      </symbol>
      <symbol id="sm-456">
         <name>__mspabi_mpyull_sw</name>
         <value>0xd022</value>
         <object_component_ref idref="oc-3c4"/>
      </symbol>
      <symbol id="sm-457">
         <name>__mspabi_mpyull</name>
         <value>0xd022</value>
         <object_component_ref idref="oc-3c4"/>
      </symbol>
      <symbol id="sm-45f">
         <name>__mspabi_mpyll</name>
         <value>0xc432</value>
         <object_component_ref idref="oc-3bf"/>
      </symbol>
      <symbol id="sm-460">
         <name>__mspabi_mpyll_sw</name>
         <value>0xc432</value>
         <object_component_ref idref="oc-3bf"/>
      </symbol>
      <symbol id="sm-46b">
         <name>__mspabi_mpyul_sw</name>
         <value>0xd000</value>
         <object_component_ref idref="oc-3f0"/>
      </symbol>
      <symbol id="sm-46c">
         <name>__mspabi_mpyul</name>
         <value>0xd000</value>
         <object_component_ref idref="oc-3f0"/>
      </symbol>
   </symbol_table>
   <title>Link successful</title>
</link_info>
